
Optional file libmchp_peripheral.a not found

Optional file libmchp_peripheral_32MX795F512L.a not found
Archive member included to satisfy reference by file (symbol)

d:/microchip/xc32/v4.10/bin/bin/../../lib/gcc/pic32mx/8.3.1\libgcc.a(_udivdi3.o)
                              build/default/debug/_ext/1033058136/dns.o (__udivdi3)
d:/microchip/xc32/v4.10/bin/bin/../../lib/gcc/pic32mx/8.3.1/../../../../pic32mx/lib\libpic32.a(memcmp.o)
                              build/default/debug/_ext/732082881/drv_ethmac.o (memcmp)
d:/microchip/xc32/v4.10/bin/bin/../../lib/gcc/pic32mx/8.3.1/../../../../pic32mx/lib\libpic32.a(memcpy.o)
                              build/default/debug/_ext/1033058136/dns.o (memcpy)
d:/microchip/xc32/v4.10/bin/bin/../../lib/gcc/pic32mx/8.3.1/../../../../pic32mx/lib\libpic32.a(memset.o)
                              build/default/debug/_ext/732082881/drv_ethmac.o (memset)
d:/microchip/xc32/v4.10/bin/bin/../../lib/gcc/pic32mx/8.3.1/../../../../pic32mx/lib\libpic32.a(strcmp.o)
                              build/default/debug/_ext/1033058136/dns.o (strcmp)
d:/microchip/xc32/v4.10/bin/bin/../../lib/gcc/pic32mx/8.3.1/../../../../pic32mx/lib\libpic32.a(strcpy.o)
                              build/default/debug/_ext/1033058136/tcpip_helpers.o (strcpy)
d:/microchip/xc32/v4.10/bin/bin/../../lib/gcc/pic32mx/8.3.1/../../../../pic32mx/lib\libpic32.a(strlen.o)
                              build/default/debug/_ext/1033058136/helpers.o (strlen)
d:/microchip/xc32/v4.10/bin/bin/../../lib/gcc/pic32mx/8.3.1/../../../../pic32mx/lib\libpic32.a(default-on-reset.o)
                              C:\Users\FILIPP~1\AppData\Local\Temp\ccI4JNSX.o (_on_reset)
d:/microchip/xc32/v4.10/bin/bin/../../lib/gcc/pic32mx/8.3.1/../../../../pic32mx/lib\libpic32.a(default-on-bootstrap.o)
                              C:\Users\FILIPP~1\AppData\Local\Temp\ccI4JNSX.o (_on_bootstrap)
d:/microchip/xc32/v4.10/bin/bin/../../lib/gcc/pic32mx/8.3.1/../../../../pic32mx/lib\libpic32.a(default-nmi-handler.o)
                              C:\Users\FILIPP~1\AppData\Local\Temp\ccI4JNSX.o (_nmi_handler)
d:/microchip/xc32/v4.10/bin/bin/../../lib/gcc/pic32mx/8.3.1/../../../../pic32mx/lib\libpic32.a(pic32_data_init.o)
                              C:\Users\FILIPP~1\AppData\Local\Temp\ccI4JNSX.o (__pic32_data_init)
d:/microchip/xc32/v4.10/bin/bin/../../lib/gcc/pic32mx/8.3.1/../../../../pic32mx/lib\libpic32.a(general-exception.o)
                              C:\Users\FILIPP~1\AppData\Local\Temp\ccI4JNSX.o (_general_exception_context)
d:/microchip/xc32/v4.10/bin/bin/../../lib/gcc/pic32mx/8.3.1/../../../../pic32mx/lib\libpic32.a(vector1.o)
                              C:\Users\FILIPP~1\AppData\Local\Temp\cc8ThgGg.o (__vector_dispatch_1)
d:/microchip/xc32/v4.10/bin/bin/../../lib/gcc/pic32mx/8.3.1/../../../../pic32mx/lib\libpic32.a(vector2.o)
                              C:\Users\FILIPP~1\AppData\Local\Temp\cc8ThgGg.o (__vector_dispatch_2)
d:/microchip/xc32/v4.10/bin/bin/../../lib/gcc/pic32mx/8.3.1/../../../../pic32mx/lib\libpic32.a(vector3.o)
                              C:\Users\FILIPP~1\AppData\Local\Temp\cc8ThgGg.o (__vector_dispatch_3)
d:/microchip/xc32/v4.10/bin/bin/../../lib/gcc/pic32mx/8.3.1/../../../../pic32mx/lib\libpic32.a(vector4.o)
                              C:\Users\FILIPP~1\AppData\Local\Temp\cc8ThgGg.o (__vector_dispatch_4)
d:/microchip/xc32/v4.10/bin/bin/../../lib/gcc/pic32mx/8.3.1/../../../../pic32mx/lib\libpic32.a(vector5.o)
                              C:\Users\FILIPP~1\AppData\Local\Temp\cc8ThgGg.o (__vector_dispatch_5)
d:/microchip/xc32/v4.10/bin/bin/../../lib/gcc/pic32mx/8.3.1/../../../../pic32mx/lib\libpic32.a(vector6.o)
                              C:\Users\FILIPP~1\AppData\Local\Temp\cc8ThgGg.o (__vector_dispatch_6)
d:/microchip/xc32/v4.10/bin/bin/../../lib/gcc/pic32mx/8.3.1/../../../../pic32mx/lib\libpic32.a(vector7.o)
                              C:\Users\FILIPP~1\AppData\Local\Temp\cc8ThgGg.o (__vector_dispatch_7)
d:/microchip/xc32/v4.10/bin/bin/../../lib/gcc/pic32mx/8.3.1/../../../../pic32mx/lib\libpic32.a(vector9.o)
                              C:\Users\FILIPP~1\AppData\Local\Temp\cc8ThgGg.o (__vector_dispatch_9)
d:/microchip/xc32/v4.10/bin/bin/../../lib/gcc/pic32mx/8.3.1/../../../../pic32mx/lib\libpic32.a(vector10.o)
                              C:\Users\FILIPP~1\AppData\Local\Temp\cc8ThgGg.o (__vector_dispatch_10)
d:/microchip/xc32/v4.10/bin/bin/../../lib/gcc/pic32mx/8.3.1/../../../../pic32mx/lib\libpic32.a(vector11.o)
                              C:\Users\FILIPP~1\AppData\Local\Temp\cc8ThgGg.o (__vector_dispatch_11)
d:/microchip/xc32/v4.10/bin/bin/../../lib/gcc/pic32mx/8.3.1/../../../../pic32mx/lib\libpic32.a(vector12.o)
                              C:\Users\FILIPP~1\AppData\Local\Temp\cc8ThgGg.o (__vector_dispatch_12)
d:/microchip/xc32/v4.10/bin/bin/../../lib/gcc/pic32mx/8.3.1/../../../../pic32mx/lib\libpic32.a(vector13.o)
[...]
Memory Configuration

Name             Origin             Length             Attributes
kseg0_program_mem 0x000000009d000000 0x0000000000080000 xr
kseg0_boot_mem   0x000000009fc00490 0x0000000000000970
exception_mem    0x000000009fc01000 0x0000000000001000
kseg1_boot_mem   0x00000000bfc00000 0x0000000000000490
debug_exec_mem   0x00000000bfc02000 0x0000000000000ff0
config3          0x00000000bfc02ff0 0x0000000000000004
config2          0x00000000bfc02ff4 0x0000000000000004
config1          0x00000000bfc02ff8 0x0000000000000004
config0          0x00000000bfc02ffc 0x0000000000000004
kseg1_data_mem   0x00000000a0000000 0x0000000000020000 w !x
sfrs             0x00000000bf800000 0x0000000000100000
configsfrs       0x00000000bfc02ff0 0x0000000000000010
*default*        0x0000000000000000 0xffffffffffffffff

Linker script and memory map

LOAD d:/microchip/xc32/v4.10/bin/bin/../../lib/gcc/pic32mx/8.3.1/../../../../pic32mx/lib\software-debug-break.o
                0x0000000000000001                _DEBUGGER = 0x1
LOAD build/default/debug/_ext/1645245335/crypto.o
LOAD build/default/debug/_ext/732082881/drv_eth_pic32_lib.o
LOAD build/default/debug/_ext/732082881/drv_ethmac.o
LOAD build/default/debug/_ext/732082881/drv_ethmac_lib.o
LOAD build/default/debug/_ext/444070925/drv_extphy_dp83848.o
LOAD build/default/debug/_ext/444070925/drv_ethphy.o
LOAD build/default/debug/_ext/438849557/drv_miim.o
LOAD build/default/debug/_ext/2128569739/drv_usbfs_device.o
LOAD build/default/debug/_ext/2128569739/drv_usbfs.o
LOAD build/default/debug/_ext/1033058136/helpers.o
LOAD build/default/debug/_ext/1033058136/tcpip_packet.o
LOAD build/default/debug/_ext/1033058136/dns.o
LOAD build/default/debug/_ext/1033058136/tcpip_helper_c32.o
LOAD build/default/debug/_ext/1033058136/ipv4.o
LOAD build/default/debug/_ext/1033058136/icmp.o
LOAD build/default/debug/_ext/1033058136/arp.o
LOAD build/default/debug/_ext/1033058136/oahash.o
LOAD build/default/debug/_ext/1033058136/tcpip_heap_internal.o
LOAD build/default/debug/_ext/1033058136/hash_fnv.o
LOAD build/default/debug/_ext/1033058136/tcpip_notify.o
LOAD build/default/debug/_ext/1033058136/tcpip_helpers.o
LOAD build/default/debug/_ext/1033058136/dhcp.o
LOAD build/default/debug/_ext/1033058136/tcpip_heap_alloc.o
LOAD build/default/debug/_ext/1033058136/tcpip_manager.o
LOAD build/default/debug/_ext/1033058136/tcp.o
LOAD build/default/debug/_ext/1033058136/udp.o
LOAD build/default/debug/_ext/60165520/plib_clk.o
LOAD build/default/debug/_ext/1249264884/plib_coretimer.o
LOAD build/default/debug/_ext/1865200349/plib_evic.o
LOAD build/default/debug/_ext/1865254177/plib_gpio.o
LOAD build/default/debug/_ext/60181895/plib_tmr2.o
LOAD build/default/debug/_ext/163028504/xc32_monitor.o
LOAD build/default/debug/_ext/1832805299/sys_console.o
LOAD build/default/debug/_ext/1832805299/sys_console_usb_cdc.o
LOAD build/default/debug/_ext/944882569/sys_debug.o
LOAD build/default/debug/_ext/1881668453/sys_int.o
LOAD build/default/debug/_ext/101884895/sys_time.o
LOAD build/default/debug/_ext/753841488/sys_time_h2_adapter.o
LOAD build/default/debug/_ext/753841488/sys_random_h2_adapter.o
LOAD build/default/debug/_ext/308758920/usb_device_cdc.o
LOAD build/default/debug/_ext/308758920/usb_device_cdc_acm.o
LOAD build/default/debug/_ext/308758920/usb_device.o
LOAD build/default/debug/_ext/1171490990/tasks.o
LOAD build/default/debug/_ext/1171490990/interrupts.o
LOAD build/default/debug/_ext/1171490990/exceptions.o
LOAD build/default/debug/_ext/1171490990/usb_device_init_data.o
LOAD build/default/debug/_ext/1171490990/initialization.o
LOAD build/default/debug/_ext/172253694/crypt_sha1_sam6156.o
LOAD build/default/debug/_ext/172253694/crypt_sha256_sam6156.o
LOAD build/default/debug/_ext/172253694/crypt_rng_u2242.o
LOAD build/default/debug/_ext/172253694/crypt_sha224_sam11105.o
LOAD build/default/debug/_ext/172253694/crypt_aes_u2238.o
LOAD build/default/debug/_ext/172253694/crypt_wolfcryptcb.o
LOAD build/default/debug/_ext/172253694/crypt_sha256_sam11105.o
LOAD build/default/debug/_ext/172253694/crypt_ecc_pukcl.o
LOAD build/default/debug/_ext/172253694/crypt_sha384_sam6156.o
LOAD build/default/debug/_ext/172253694/crypt_sha224_sam6156.o
LOAD build/default/debug/_ext/172253694/crypt_tdes_sam6150.o
LOAD build/default/debug/_ext/172253694/crypt_rsa_pukcl.o
LOAD build/default/debug/_ext/172253694/pic32mz-crypt.o
LOAD build/default/debug/_ext/172253694/crypt_pukcl_functions.o
LOAD build/default/debug/_ext/172253694/crypt_sha512_sam6156.o
LOAD build/default/debug/_ext/172253694/crypt_sam_u2803.o
LOAD build/default/debug/_ext/172253694/crypt_aes_sam6149.o
LOAD build/default/debug/_ext/172253694/crypt_sha1_sam11105.o
LOAD build/default/debug/_ext/172253694/crypt_rng_sam6334.o
LOAD build/default/debug/_ext/172253694/crypt_ecc_ba414e.o
LOAD build/default/debug/_ext/1664057780/ge_operations.o
LOAD build/default/debug/_ext/1664057780/md4.o
LOAD build/default/debug/_ext/1664057780/memory.o
LOAD build/default/debug/_ext/1664057780/ripemd.o
LOAD build/default/debug/_ext/1664057780/poly1305.o
LOAD build/default/debug/_ext/1664057780/hmac.o
LOAD build/default/debug/_ext/1664057780/sp_cortexm.o
LOAD build/default/debug/_ext/1664057780/md5.o
LOAD build/default/debug/_ext/1664057780/hash.o
LOAD build/default/debug/_ext/1664057780/curve448.o
LOAD build/default/debug/_ext/1664057780/cpuid.o
LOAD build/default/debug/_ext/1664057780/pkcs7.o
LOAD build/default/debug/_ext/1664057780/sha512.o
LOAD build/default/debug/_ext/1664057780/sp_c32.o
LOAD build/default/debug/_ext/1664057780/camellia.o
LOAD build/default/debug/_ext/1664057780/sp_c64.o
LOAD build/default/debug/_ext/1664057780/md2.o
LOAD build/default/debug/_ext/1664057780/sp_armthumb.o
LOAD build/default/debug/_ext/1664057780/aes.o
LOAD build/default/debug/_ext/1664057780/rabbit.o
LOAD build/default/debug/_ext/1664057780/compress.o
LOAD build/default/debug/_ext/1664057780/sp_arm64.o
LOAD build/default/debug/_ext/1664057780/dsa.o
LOAD build/default/debug/_ext/1664057780/pwdbased.o
LOAD build/default/debug/_ext/1664057780/rsa.o
LOAD build/default/debug/_ext/1664057780/sp_x86_64.o
LOAD build/default/debug/_ext/1664057780/ed25519.o
LOAD build/default/debug/_ext/1664057780/pkcs12.o
LOAD build/default/debug/_ext/1664057780/chacha20_poly1305.o
LOAD build/default/debug/_ext/1664057780/chacha.o
LOAD build/default/debug/_ext/1664057780/sp_arm32.o
LOAD build/default/debug/_ext/1664057780/wc_port.o
LOAD build/default/debug/_ext/1664057780/rc2.o
LOAD build/default/debug/_ext/1664057780/des3.o
LOAD build/default/debug/_ext/1664057780/error.o
LOAD build/default/debug/_ext/1664057780/ed448.o
LOAD build/default/debug/_ext/1664057780/random.o
LOAD build/default/debug/_ext/1664057780/ge_low_mem.o
LOAD build/default/debug/_ext/1664057780/curve25519.o
LOAD build/default/debug/_ext/1664057780/fe_operations.o
LOAD build/default/debug/_ext/1664057780/cmac.o
LOAD build/default/debug/_ext/1664057780/misc.o
LOAD build/default/debug/_ext/1664057780/cryptocb.o
LOAD build/default/debug/_ext/1664057780/idea.o
LOAD build/default/debug/_ext/1664057780/fe_448.o
LOAD build/default/debug/_ext/1664057780/asn.o
LOAD build/default/debug/_ext/1664057780/fe_low_mem.o
LOAD build/default/debug/_ext/1664057780/coding.o
LOAD build/default/debug/_ext/1664057780/sha256.o
LOAD build/default/debug/_ext/1664057780/sp_int.o
LOAD build/default/debug/_ext/1664057780/asm.o
LOAD build/default/debug/_ext/1664057780/sha3.o
LOAD build/default/debug/_ext/1664057780/signature.o
LOAD build/default/debug/_ext/1664057780/blake2b.o
LOAD build/default/debug/_ext/1664057780/wc_encrypt.o
LOAD build/default/debug/_ext/1664057780/logging.o
LOAD build/default/debug/_ext/1664057780/blake2s.o
LOAD build/default/debug/_ext/1664057780/arc4.o
LOAD build/default/debug/_ext/1664057780/sha.o
LOAD build/default/debug/_ext/1664057780/srp.o
LOAD build/default/debug/_ext/1664057780/ge_448.o
LOAD build/default/debug/_ext/1664057780/ecc_fp.o
LOAD build/default/debug/_ext/1664057780/wolfmath.o
LOAD build/default/debug/_ext/1664057780/wc_dsp.o
LOAD build/default/debug/_ext/1664057780/tfm.o
LOAD build/default/debug/_ext/1664057780/integer.o
LOAD build/default/debug/_ext/1664057780/wolfevent.o
LOAD build/default/debug/_ext/1664057780/sp_dsp32.o
LOAD build/default/debug/_ext/1664057780/ecc.o
LOAD build/default/debug/_ext/1664057780/hc128.o
LOAD build/default/debug/_ext/1664057780/evp.o
LOAD build/default/debug/_ext/1664057780/wc_pkcs11.o
LOAD build/default/debug/_ext/1664057780/dh.o
LOAD build/default/debug/_ext/1360937237/app.o
LOAD build/default/debug/_ext/1360937237/main.o
LOAD build/default/debug/_ext/1360937237/tcp_communication.o
LOAD build/default/debug/_ext/60176403/plib_nvm.o
                0x0000000000000001                __MPLAB_BUILD = 0x1
                0x0000000000000400                PROVIDE (_min_stack_size = 0x400)
START GROUP
LOAD libmchp_peripheral.a
END GROUP
START GROUP
LOAD libmchp_peripheral_32MX795F512L.a
END GROUP
                0x0000000000000001                PROVIDE (_vector_spacing = 0x1)
                0x000000009fc01000                PROVIDE (_ebase_address = 0x9fc01000)
                0x00000000bfc00000                _RESET_ADDR = 0xbfc00000
                0x00000000bfc00380                _BEV_EXCPT_ADDR = 0xbfc00380
                0x00000000bfc00480                _DBG_EXCPT_ADDR = 0xbfc00480
                0x00000000bfc02000                _DBG_CODE_ADDR = 0xbfc02000
                0x0000000000000ff0                _DBG_CODE_SIZE = 0xff0
                0x000000009fc01180                _GEN_EXCPT_ADDR = (_ebase_address + 0x180)

.config_BFC02FF0
 *(.config_BFC02FF0)

.config_BFC02FF4
 *(.config_BFC02FF4)

.config_BFC02FF8
 *(.config_BFC02FF8)

.config_BFC02FFC
 *(.config_BFC02FFC)

.reset          0x00000000bfc00000      0x19c
 *(.reset)
 .reset         0x00000000bfc00000        0x8 C:\Users\FILIPP~1\AppData\Local\Temp\ccI4JNSX.o
                0x00000000bfc00000                _reset
 *(.reset.startup)
 .reset.startup
                0x00000000bfc00008      0x194 C:\Users\FILIPP~1\AppData\Local\Temp\ccI4JNSX.o
                0x00000000bfc00008                _startup

.bev_excpt      0x00000000bfc00380       0x10
 *(.bev_handler)
 .bev_handler   0x00000000bfc00380       0x10 C:\Users\FILIPP~1\AppData\Local\Temp\ccI4JNSX.o

.dbg_excpt      0x00000000bfc00480        0x8
                0x00000000bfc00488                . = (. + DEFINED (_DEBUGGER)?0x8:0x0)
 *fill*         0x00000000bfc00480        0x8 

.dbg_code       0x00000000bfc02000      0xff0
                0x00000000bfc02ff0                . = (. + DEFINED (_DEBUGGER)?_DBG_CODE_SIZE:0x0)
 *fill*         0x00000000bfc02000      0xff0 

.app_excpt      0x000000009fc01180       0x10
 *(.gen_handler)
 .gen_handler   0x000000009fc01180       0x10 C:\Users\FILIPP~1\AppData\Local\Temp\ccI4JNSX.o

.vector_0       0x000000009fc01200        0x8
 *(.vector_0)
 .vector_0      0x000000009fc01200        0x8 build/default/debug/_ext/1171490990/interrupts.o
                0x000000009fc01200                __vector_dispatch_0
                0x0000000000000001                ASSERT (((_vector_spacing == 0x0) || (SIZEOF (.vector_0) <= (_vector_spacing << 0x5))), function at exception vector 0 too large)

.vector_1       0x000000009fc01220        0x8
 *(.vector_1)
 .vector_1      0x000000009fc01220        0x8 d:/microchip/xc32/v4.10/bin/bin/../../lib/gcc/pic32mx/8.3.1/../../../../pic32mx/lib\libpic32.a(vector1.o)
                0x000000009fc01220                __vector_dispatch_1
                0x0000000000000001                ASSERT (((_vector_spacing == 0x0) || (SIZEOF (.vector_1) <= (_vector_spacing << 0x5))), function at exception vector 1 too large)

.vector_2       0x000000009fc01240        0x8
 *(.vector_2)
 .vector_2      0x000000009fc01240        0x8 d:/microchip/xc32/v4.10/bin/bin/../../lib/gcc/pic32mx/8.3.1/../../../../pic32mx/lib\libpic32.a(vector2.o)
                0x000000009fc01240                __vector_dispatch_2
                0x0000000000000001                ASSERT (((_vector_spacing == 0x0) || (SIZEOF (.vector_2) <= (_vector_spacing << 0x5))), function at exception vector 2 too large)

.vector_3       0x000000009fc01260        0x8
 *(.vector_3)
 .vector_3      0x000000009fc01260        0x8 d:/microchip/xc32/v4.10/bin/bin/../../lib/gcc/pic32mx/8.3.1/../../../../pic32mx/lib\libpic32.a(vector3.o)
                0x000000009fc01260                __vector_dispatch_3
                0x0000000000000001                ASSERT (((_vector_spacing == 0x0) || (SIZEOF (.vector_3) <= (_vector_spacing << 0x5))), function at exception vector 3 too large)

.vector_4       0x000000009fc01280        0x8
 *(.vector_4)
 .vector_4      0x000000009fc01280        0x8 d:/microchip/xc32/v4.10/bin/bin/../../lib/gcc/pic32mx/8.3.1/../../../../pic32mx/lib\libpic32.a(vector4.o)
                0x000000009fc01280                __vector_dispatch_4
                0x0000000000000001                ASSERT (((_vector_spacing == 0x0) || (SIZEOF (.vector_4) <= (_vector_spacing << 0x5))), function at exception vector 4 too large)

.vector_5       0x000000009fc012a0        0x8
 *(.vector_5)
 .vector_5      0x000000009fc012a0        0x8 d:/microchip/xc32/v4.10/bin/bin/../../lib/gcc/pic32mx/8.3.1/../../../../pic32mx/lib\libpic32.a(vector5.o)
                0x000000009fc012a0                __vector_dispatch_5
                0x0000000000000001                ASSERT (((_vector_spacing == 0x0) || (SIZEOF (.vector_5) <= (_vector_spacing << 0x5))), function at exception vector 5 too large)

.vector_6       0x000000009fc012c0        0x8
 *(.vector_6)
 .vector_6      0x000000009fc012c0        0x8 d:/microchip/xc32/v4.10/bin/bin/../../lib/gcc/pic32mx/8.3.1/../../../../pic32mx/lib\libpic32.a(vector6.o)
                0x000000009fc012c0                __vector_dispatch_6
                0x0000000000000001                ASSERT (((_vector_spacing == 0x0) || (SIZEOF (.vector_6) <= (_vector_spacing << 0x5))), function at exception vector 6 too large)

.vector_7       0x000000009fc012e0        0x8
 *(.vector_7)
 .vector_7      0x000000009fc012e0        0x8 d:/microchip/xc32/v4.10/bin/bin/../../lib/gcc/pic32mx/8.3.1/../../../../pic32mx/lib\libpic32.a(vector7.o)
                0x000000009fc012e0                __vector_dispatch_7
                0x0000000000000001                ASSERT (((_vector_spacing == 0x0) || (SIZEOF (.vector_7) <= (_vector_spacing << 0x5))), function at exception vector 7 too large)

.vector_8       0x000000009fc01300        0x8
 *(.vector_8)
 .vector_8      0x000000009fc01300        0x8 build/default/debug/_ext/1171490990/interrupts.o
                0x000000009fc01300                __vector_dispatch_8
                0x0000000000000001                ASSERT (((_vector_spacing == 0x0) || (SIZEOF (.vector_8) <= (_vector_spacing << 0x5))), function at exception vector 8 too large)

.vector_9       0x000000009fc01320        0x8
 *(.vector_9)
 .vector_9      0x000000009fc01320        0x8 d:/microchip/xc32/v4.10/bin/bin/../../lib/gcc/pic32mx/8.3.1/../../../../pic32mx/lib\libpic32.a(vector9.o)
                0x000000009fc01320                __vector_dispatch_9
                0x0000000000000001                ASSERT (((_vector_spacing == 0x0) || (SIZEOF (.vector_9) <= (_vector_spacing << 0x5))), function at exception vector 9 too large)

.vector_10      0x000000009fc01340        0x8
 *(.vector_10)
 .vector_10     0x000000009fc01340        0x8 d:/microchip/xc32/v4.10/bin/bin/../../lib/gcc/pic32mx/8.3.1/../../../../pic32mx/lib\libpic32.a(vector10.o)
                0x000000009fc01340                __vector_dispatch_10
                0x0000000000000001                ASSERT (((_vector_spacing == 0x0) || (SIZEOF (.vector_10) <= (_vector_spacing << 0x5))), function at exception vector 10 too large)

.vector_11      0x000000009fc01360        0x8
 *(.vector_11)
 .vector_11     0x000000009fc01360        0x8 d:/microchip/xc32/v4.10/bin/bin/../../lib/gcc/pic32mx/8.3.1/../../../../pic32mx/lib\libpic32.a(vector11.o)
                0x000000009fc01360                __vector_dispatch_11
                0x0000000000000001                ASSERT (((_vector_spacing == 0x0) || (SIZEOF (.vector_11) <= (_vector_spacing << 0x5))), function at exception vector 11 too large)

.vector_12      0x000000009fc01380        0x8
 *(.vector_12)
 .vector_12     0x000000009fc01380        0x8 d:/microchip/xc32/v4.10/bin/bin/../../lib/gcc/pic32mx/8.3.1/../../../../pic32mx/lib\libpic32.a(vector12.o)
                0x000000009fc01380                __vector_dispatch_12
                0x0000000000000001                ASSERT (((_vector_spacing == 0x0) || (SIZEOF (.vector_12) <= (_vector_spacing << 0x5))), function at exception vector 12 too large)

.vector_13      0x000000009fc013a0        0x8
 *(.vector_13)
 .vector_13     0x000000009fc013a0        0x8 d:/microchip/xc32/v4.10/bin/bin/../../lib/gcc/pic32mx/8.3.1/../../../../pic32mx/lib\libpic32.a(vector13.o)
                0x000000009fc013a0                __vector_dispatch_13
                0x0000000000000001                ASSERT (((_vector_spacing == 0x0) || (SIZEOF (.vector_13) <= (_vector_spacing << 0x5))), function at exception vector 13 too large)

.vector_14      0x000000009fc013c0        0x8
 *(.vector_14)
 .vector_14     0x000000009fc013c0        0x8 d:/microchip/xc32/v4.10/bin/bin/../../lib/gcc/pic32mx/8.3.1/../../../../pic32mx/lib\libpic32.a(vector14.o)
                0x000000009fc013c0                __vector_dispatch_14
                0x0000000000000001                ASSERT (((_vector_spacing == 0x0) || (SIZEOF (.vector_14) <= (_vector_spacing << 0x5))), function at exception vector 14 too large)

.vector_15      0x000000009fc013e0        0x8
 *(.vector_15)
 .vector_15     0x000000009fc013e0        0x8 d:/microchip/xc32/v4.10/bin/bin/../../lib/gcc/pic32mx/8.3.1/../../../../pic32mx/lib\libpic32.a(vector15.o)
                0x000000009fc013e0                __vector_dispatch_15
                0x0000000000000001                ASSERT (((_vector_spacing == 0x0) || (SIZEOF (.vector_15) <= (_vector_spacing << 0x5))), function at exception vector 15 too large)

.vector_16      0x000000009fc01400        0x8
 *(.vector_16)
 .vector_16     0x000000009fc01400        0x8 d:/microchip/xc32/v4.10/bin/bin/../../lib/gcc/pic32mx/8.3.1/../../../../pic32mx/lib\libpic32.a(vector16.o)
                0x000000009fc01400                __vector_dispatch_16
                0x0000000000000001                ASSERT (((_vector_spacing == 0x0) || (SIZEOF (.vector_16) <= (_vector_spacing << 0x5))), function at exception vector 16 too large)

.vector_17      0x000000009fc01420        0x8
 *(.vector_17)
 .vector_17     0x000000009fc01420        0x8 d:/microchip/xc32/v4.10/bin/bin/../../lib/gcc/pic32mx/8.3.1/../../../../pic32mx/lib\libpic32.a(vector17.o)
                0x000000009fc01420                __vector_dispatch_17
                0x0000000000000001                ASSERT (((_vector_spacing == 0x0) || (SIZEOF (.vector_17) <= (_vector_spacing << 0x5))), function at exception vector 17 too large)

.vector_18      0x000000009fc01440        0x8
 *(.vector_18)
 .vector_18     0x000000009fc01440        0x8 d:/microchip/xc32/v4.10/bin/bin/../../lib/gcc/pic32mx/8.3.1/../../../../pic32mx/lib\libpic32.a(vector18.o)
                0x000000009fc01440                __vector_dispatch_18
                0x0000000000000001                ASSERT (((_vector_spacing == 0x0) || (SIZEOF (.vector_18) <= (_vector_spacing << 0x5))), function at exception vector 18 too large)

.vector_19      0x000000009fc01460        0x8
 *(.vector_19)
 .vector_19     0x000000009fc01460        0x8 d:/microchip/xc32/v4.10/bin/bin/../../lib/gcc/pic32mx/8.3.1/../../../../pic32mx/lib\libpic32.a(vector19.o)
                0x000000009fc01460                __vector_dispatch_19
                0x0000000000000001                ASSERT (((_vector_spacing == 0x0) || (SIZEOF (.vector_19) <= (_vector_spacing << 0x5))), function at exception vector 19 too large)

.vector_20      0x000000009fc01480        0x8
 *(.vector_20)
 .vector_20     0x000000009fc01480        0x8 d:/microchip/xc32/v4.10/bin/bin/../../lib/gcc/pic32mx/8.3.1/../../../../pic32mx/lib\libpic32.a(vector20.o)
                0x000000009fc01480                __vector_dispatch_20
                0x0000000000000001                ASSERT (((_vector_spacing == 0x0) || (SIZEOF (.vector_20) <= (_vector_spacing << 0x5))), function at exception vector 20 too large)

.vector_21      0x000000009fc014a0        0x8
 *(.vector_21)
 .vector_21     0x000000009fc014a0        0x8 d:/microchip/xc32/v4.10/bin/bin/../../lib/gcc/pic32mx/8.3.1/../../../../pic32mx/lib\libpic32.a(vector21.o)
                0x000000009fc014a0                __vector_dispatch_21
                0x0000000000000001                ASSERT (((_vector_spacing == 0x0) || (SIZEOF (.vector_21) <= (_vector_spacing << 0x5))), function at exception vector 21 too large)

.vector_22      0x000000009fc014c0        0x8
 *(.vector_22)
 .vector_22     0x000000009fc014c0        0x8 d:/microchip/xc32/v4.10/bin/bin/../../lib/gcc/pic32mx/8.3.1/../../../../pic32mx/lib\libpic32.a(vector22.o)
                0x000000009fc014c0                __vector_dispatch_22
                0x0000000000000001                ASSERT (((_vector_spacing == 0x0) || (SIZEOF (.vector_22) <= (_vector_spacing << 0x5))), function at exception vector 22 too large)

.vector_23      0x000000009fc014e0        0x8
 *(.vector_23)
 .vector_23     0x000000009fc014e0        0x8 d:/microchip/xc32/v4.10/bin/bin/../../lib/gcc/pic32mx/8.3.1/../../../../pic32mx/lib\libpic32.a(vector23.o)
                0x000000009fc014e0                __vector_dispatch_23
                0x0000000000000001                ASSERT (((_vector_spacing == 0x0) || (SIZEOF (.vector_23) <= (_vector_spacing << 0x5))), function at exception vector 23 too large)

.vector_24      0x000000009fc01500        0x8
 *(.vector_24)
 .vector_24     0x000000009fc01500        0x8 d:/microchip/xc32/v4.10/bin/bin/../../lib/gcc/pic32mx/8.3.1/../../../../pic32mx/lib\libpic32.a(vector24.o)
                0x000000009fc01500                __vector_dispatch_24
                0x0000000000000001                ASSERT (((_vector_spacing == 0x0) || (SIZEOF (.vector_24) <= (_vector_spacing << 0x5))), function at exception vector 24 too large)

.vector_25      0x000000009fc01520        0x8
 *(.vector_25)
 .vector_25     0x000000009fc01520        0x8 d:/microchip/xc32/v4.10/bin/bin/../../lib/gcc/pic32mx/8.3.1/../../../../pic32mx/lib\libpic32.a(vector25.o)
                0x000000009fc01520                __vector_dispatch_25
                0x0000000000000001                ASSERT (((_vector_spacing == 0x0) || (SIZEOF (.vector_25) <= (_vector_spacing << 0x5))), function at exception vector 25 too large)

.vector_26      0x000000009fc01540        0x8
 *(.vector_26)
 .vector_26     0x000000009fc01540        0x8 d:/microchip/xc32/v4.10/bin/bin/../../lib/gcc/pic32mx/8.3.1/../../../../pic32mx/lib\libpic32.a(vector26.o)
                0x000000009fc01540                __vector_dispatch_26
                0x0000000000000001                ASSERT (((_vector_spacing == 0x0) || (SIZEOF (.vector_26) <= (_vector_spacing << 0x5))), function at exception vector 26 too large)

.vector_27      0x000000009fc01560        0x8
 *(.vector_27)
 .vector_27     0x000000009fc01560        0x8 d:/microchip/xc32/v4.10/bin/bin/../../lib/gcc/pic32mx/8.3.1/../../../../pic32mx/lib\libpic32.a(vector27.o)
                0x000000009fc01560                __vector_dispatch_27
                0x0000000000000001                ASSERT (((_vector_spacing == 0x0) || (SIZEOF (.vector_27) <= (_vector_spacing << 0x5))), function at exception vector 27 too large)

.vector_28      0x000000009fc01580        0x8
 *(.vector_28)
 .vector_28     0x000000009fc01580        0x8 d:/microchip/xc32/v4.10/bin/bin/../../lib/gcc/pic32mx/8.3.1/../../../../pic32mx/lib\libpic32.a(vector28.o)
                0x000000009fc01580                __vector_dispatch_28
                0x0000000000000001                ASSERT (((_vector_spacing == 0x0) || (SIZEOF (.vector_28) <= (_vector_spacing << 0x5))), function at exception vector 28 too large)

.vector_29      0x000000009fc015a0        0x8
 *(.vector_29)
 .vector_29     0x000000009fc015a0        0x8 d:/microchip/xc32/v4.10/bin/bin/../../lib/gcc/pic32mx/8.3.1/../../../../pic32mx/lib\libpic32.a(vector29.o)
                0x000000009fc015a0                __vector_dispatch_29
                0x0000000000000001                ASSERT (((_vector_spacing == 0x0) || (SIZEOF (.vector_29) <= (_vector_spacing << 0x5))), function at exception vector 29 too large)

.vector_30      0x000000009fc015c0        0x8
 *(.vector_30)
 .vector_30     0x000000009fc015c0        0x8 d:/microchip/xc32/v4.10/bin/bin/../../lib/gcc/pic32mx/8.3.1/../../../../pic32mx/lib\libpic32.a(vector30.o)
                0x000000009fc015c0                __vector_dispatch_30
                0x0000000000000001                ASSERT (((_vector_spacing == 0x0) || (SIZEOF (.vector_30) <= (_vector_spacing << 0x5))), function at exception vector 30 too large)

.vector_31      0x000000009fc015e0        0x8
 *(.vector_31)
 .vector_31     0x000000009fc015e0        0x8 d:/microchip/xc32/v4.10/bin/bin/../../lib/gcc/pic32mx/8.3.1/../../../../pic32mx/lib\libpic32.a(vector31.o)
                0x000000009fc015e0                __vector_dispatch_31
                0x0000000000000001                ASSERT (((_vector_spacing == 0x0) || (SIZEOF (.vector_31) <= (_vector_spacing << 0x5))), function at exception vector 31 too large)

.vector_32      0x000000009fc01600        0x8
 *(.vector_32)
 .vector_32     0x000000009fc01600        0x8 d:/microchip/xc32/v4.10/bin/bin/../../lib/gcc/pic32mx/8.3.1/../../../../pic32mx/lib\libpic32.a(vector32.o)
                0x000000009fc01600                __vector_dispatch_32
                0x0000000000000001                ASSERT (((_vector_spacing == 0x0) || (SIZEOF (.vector_32) <= (_vector_spacing << 0x5))), function at exception vector 32 too large)

.vector_33      0x000000009fc01620        0x8
 *(.vector_33)
 .vector_33     0x000000009fc01620        0x8 d:/microchip/xc32/v4.10/bin/bin/../../lib/gcc/pic32mx/8.3.1/../../../../pic32mx/lib\libpic32.a(vector33.o)
                0x000000009fc01620                __vector_dispatch_33
                0x0000000000000001                ASSERT (((_vector_spacing == 0x0) || (SIZEOF (.vector_33) <= (_vector_spacing << 0x5))), function at exception vector 33 too large)

.vector_34      0x000000009fc01640        0x8
 *(.vector_34)
 .vector_34     0x000000009fc01640        0x8 d:/microchip/xc32/v4.10/bin/bin/../../lib/gcc/pic32mx/8.3.1/../../../../pic32mx/lib\libpic32.a(vector34.o)
                0x000000009fc01640                __vector_dispatch_34
                0x0000000000000001                ASSERT (((_vector_spacing == 0x0) || (SIZEOF (.vector_34) <= (_vector_spacing << 0x5))), function at exception vector 34 too large)

.vector_35      0x000000009fc01660        0x8
 *(.vector_35)
 .vector_35     0x000000009fc01660        0x8 d:/microchip/xc32/v4.10/bin/bin/../../lib/gcc/pic32mx/8.3.1/../../../../pic32mx/lib\libpic32.a(vector35.o)
                0x000000009fc01660                __vector_dispatch_35
                0x0000000000000001                ASSERT (((_vector_spacing == 0x0) || (SIZEOF (.vector_35) <= (_vector_spacing << 0x5))), function at exception vector 35 too large)

.vector_36      0x000000009fc01680        0x8
 *(.vector_36)
 .vector_36     0x000000009fc01680        0x8 d:/microchip/xc32/v4.10/bin/bin/../../lib/gcc/pic32mx/8.3.1/../../../../pic32mx/lib\libpic32.a(vector36.o)
                0x000000009fc01680                __vector_dispatch_36
                0x0000000000000001                ASSERT (((_vector_spacing == 0x0) || (SIZEOF (.vector_36) <= (_vector_spacing << 0x5))), function at exception vector 36 too large)

.vector_37      0x000000009fc016a0        0x8
 *(.vector_37)
 .vector_37     0x000000009fc016a0        0x8 d:/microchip/xc32/v4.10/bin/bin/../../lib/gcc/pic32mx/8.3.1/../../../../pic32mx/lib\libpic32.a(vector37.o)
                0x000000009fc016a0                __vector_dispatch_37
                0x0000000000000001                ASSERT (((_vector_spacing == 0x0) || (SIZEOF (.vector_37) <= (_vector_spacing << 0x5))), function at exception vector 37 too large)

.vector_38      0x000000009fc016c0        0x8
 *(.vector_38)
 .vector_38     0x000000009fc016c0        0x8 d:/microchip/xc32/v4.10/bin/bin/../../lib/gcc/pic32mx/8.3.1/../../../../pic32mx/lib\libpic32.a(vector38.o)
                0x000000009fc016c0                __vector_dispatch_38
                0x0000000000000001                ASSERT (((_vector_spacing == 0x0) || (SIZEOF (.vector_38) <= (_vector_spacing << 0x5))), function at exception vector 38 too large)

.vector_39      0x000000009fc016e0        0x8
 *(.vector_39)
 .vector_39     0x000000009fc016e0        0x8 d:/microchip/xc32/v4.10/bin/bin/../../lib/gcc/pic32mx/8.3.1/../../../../pic32mx/lib\libpic32.a(vector39.o)
                0x000000009fc016e0                __vector_dispatch_39
                0x0000000000000001                ASSERT (((_vector_spacing == 0x0) || (SIZEOF (.vector_39) <= (_vector_spacing << 0x5))), function at exception vector 39 too large)

.vector_40      0x000000009fc01700        0x8
 *(.vector_40)
 .vector_40     0x000000009fc01700        0x8 d:/microchip/xc32/v4.10/bin/bin/../../lib/gcc/pic32mx/8.3.1/../../../../pic32mx/lib\libpic32.a(vector40.o)
                0x000000009fc01700                __vector_dispatch_40
                0x0000000000000001                ASSERT (((_vector_spacing == 0x0) || (SIZEOF (.vector_40) <= (_vector_spacing << 0x5))), function at exception vector 40 too large)

.vector_41      0x000000009fc01720        0x8
 *(.vector_41)
 .vector_41     0x000000009fc01720        0x8 d:/microchip/xc32/v4.10/bin/bin/../../lib/gcc/pic32mx/8.3.1/../../../../pic32mx/lib\libpic32.a(vector41.o)
                0x000000009fc01720                __vector_dispatch_41
                0x0000000000000001                ASSERT (((_vector_spacing == 0x0) || (SIZEOF (.vector_41) <= (_vector_spacing << 0x5))), function at exception vector 41 too large)

.vector_42      0x000000009fc01740        0x8
 *(.vector_42)
 .vector_42     0x000000009fc01740        0x8 d:/microchip/xc32/v4.10/bin/bin/../../lib/gcc/pic32mx/8.3.1/../../../../pic32mx/lib\libpic32.a(vector42.o)
                0x000000009fc01740                __vector_dispatch_42
                0x0000000000000001                ASSERT (((_vector_spacing == 0x0) || (SIZEOF (.vector_42) <= (_vector_spacing << 0x5))), function at exception vector 42 too large)

.vector_43      0x000000009fc01760        0x8
 *(.vector_43)
 .vector_43     0x000000009fc01760        0x8 d:/microchip/xc32/v4.10/bin/bin/../../lib/gcc/pic32mx/8.3.1/../../../../pic32mx/lib\libpic32.a(vector43.o)
                0x000000009fc01760                __vector_dispatch_43
                0x0000000000000001                ASSERT (((_vector_spacing == 0x0) || (SIZEOF (.vector_43) <= (_vector_spacing << 0x5))), function at exception vector 43 too large)

.vector_44      0x000000009fc01780        0x8
 *(.vector_44)
 .vector_44     0x000000009fc01780        0x8 build/default/debug/_ext/1171490990/interrupts.o
                0x000000009fc01780                __vector_dispatch_44
                0x0000000000000001                ASSERT (((_vector_spacing == 0x0) || (SIZEOF (.vector_44) <= (_vector_spacing << 0x5))), function at exception vector 44 too large)

.vector_45      0x000000009fc017a0        0x8
 *(.vector_45)
 .vector_45     0x000000009fc017a0        0x8 build/default/debug/_ext/1171490990/interrupts.o
                0x000000009fc017a0                __vector_dispatch_45
                0x0000000000000001                ASSERT (((_vector_spacing == 0x0) || (SIZEOF (.vector_45) <= (_vector_spacing << 0x5))), function at exception vector 45 too large)

.vector_46      0x000000009fc017c0        0x8
 *(.vector_46)
 .vector_46     0x000000009fc017c0        0x8 d:/microchip/xc32/v4.10/bin/bin/../../lib/gcc/pic32mx/8.3.1/../../../../pic32mx/lib\libpic32.a(vector46.o)
                0x000000009fc017c0                __vector_dispatch_46
                0x0000000000000001                ASSERT (((_vector_spacing == 0x0) || (SIZEOF (.vector_46) <= (_vector_spacing << 0x5))), function at exception vector 46 too large)

.vector_47      0x000000009fc017e0        0x8
 *(.vector_47)
 .vector_47     0x000000009fc017e0        0x8 d:/microchip/xc32/v4.10/bin/bin/../../lib/gcc/pic32mx/8.3.1/../../../../pic32mx/lib\libpic32.a(vector47.o)
                0x000000009fc017e0                __vector_dispatch_47
                0x0000000000000001                ASSERT (((_vector_spacing == 0x0) || (SIZEOF (.vector_47) <= (_vector_spacing << 0x5))), function at exception vector 47 too large)

.vector_48      0x000000009fc01800        0x8
 *(.vector_48)
 .vector_48     0x000000009fc01800        0x8 build/default/debug/_ext/1171490990/interrupts.o
                0x000000009fc01800                __vector_dispatch_48
                0x0000000000000001                ASSERT (((_vector_spacing == 0x0) || (SIZEOF (.vector_48) <= (_vector_spacing << 0x5))), function at exception vector 48 too large)

.vector_49      0x000000009fc01820        0x8
 *(.vector_49)
 .vector_49     0x000000009fc01820        0x8 d:/microchip/xc32/v4.10/bin/bin/../../lib/gcc/pic32mx/8.3.1/../../../../pic32mx/lib\libpic32.a(vector49.o)
                0x000000009fc01820                __vector_dispatch_49
                0x0000000000000001                ASSERT (((_vector_spacing == 0x0) || (SIZEOF (.vector_49) <= (_vector_spacing << 0x5))), function at exception vector 49 too large)

.vector_50      0x000000009fc01840        0x8
 *(.vector_50)
 .vector_50     0x000000009fc01840        0x8 d:/microchip/xc32/v4.10/bin/bin/../../lib/gcc/pic32mx/8.3.1/../../../../pic32mx/lib\libpic32.a(vector50.o)
                0x000000009fc01840                __vector_dispatch_50
                0x0000000000000001                ASSERT (((_vector_spacing == 0x0) || (SIZEOF (.vector_50) <= (_vector_spacing << 0x5))), function at exception vector 50 too large)

.vector_51      0x000000009fc01860        0x8
 *(.vector_51)
 .vector_51     0x000000009fc01860        0x8 d:/microchip/xc32/v4.10/bin/bin/../../lib/gcc/pic32mx/8.3.1/../../../../pic32mx/lib\libpic32.a(vector51.o)
                0x000000009fc01860                __vector_dispatch_51
                0x0000000000000001                ASSERT (((_vector_spacing == 0x0) || (SIZEOF (.vector_51) <= (_vector_spacing << 0x5))), function at exception vector 51 too large)

.vector_52      0x000000009fc01880        0x0
 *(.vector_52)
                0x0000000000000001                ASSERT (((_vector_spacing == 0x0) || (SIZEOF (.vector_52) <= (_vector_spacing << 0x5))), function at exception vector 52 too large)

.vector_53      0x000000009fc018a0        0x0
 *(.vector_53)
                0x0000000000000001                ASSERT (((_vector_spacing == 0x0) || (SIZEOF (.vector_53) <= (_vector_spacing << 0x5))), function at exception vector 53 too large)

.vector_54      0x000000009fc018c0        0x0
 *(.vector_54)
                0x0000000000000001                ASSERT (((_vector_spacing == 0x0) || (SIZEOF (.vector_54) <= (_vector_spacing << 0x5))), function at exception vector 54 too large)

.vector_55      0x000000009fc018e0        0x0
 *(.vector_55)
                0x0000000000000001                ASSERT (((_vector_spacing == 0x0) || (SIZEOF (.vector_55) <= (_vector_spacing << 0x5))), function at exception vector 55 too large)

.vector_56      0x000000009fc01900        0x0
 *(.vector_56)
                0x0000000000000001                ASSERT (((_vector_spacing == 0x0) || (SIZEOF (.vector_56) <= (_vector_spacing << 0x5))), function at exception vector 56 too large)

.vector_57      0x000000009fc01920        0x0
 *(.vector_57)
                0x0000000000000001                ASSERT (((_vector_spacing == 0x0) || (SIZEOF (.vector_57) <= (_vector_spacing << 0x5))), function at exception vector 57 too large)

.vector_58      0x000000009fc01940        0x0
 *(.vector_58)
                0x0000000000000001                ASSERT (((_vector_spacing == 0x0) || (SIZEOF (.vector_58) <= (_vector_spacing << 0x5))), function at exception vector 58 too large)

.vector_59      0x000000009fc01960        0x0
 *(.vector_59)
                0x0000000000000001                ASSERT (((_vector_spacing == 0x0) || (SIZEOF (.vector_59) <= (_vector_spacing << 0x5))), function at exception vector 59 too large)

.vector_60      0x000000009fc01980        0x0
 *(.vector_60)
                0x0000000000000001                ASSERT (((_vector_spacing == 0x0) || (SIZEOF (.vector_60) <= (_vector_spacing << 0x5))), function at exception vector 60 too large)

.vector_61      0x000000009fc019a0        0x0
 *(.vector_61)
                0x0000000000000001                ASSERT (((_vector_spacing == 0x0) || (SIZEOF (.vector_61) <= (_vector_spacing << 0x5))), function at exception vector 61 too large)

.vector_62      0x000000009fc019c0        0x0
 *(.vector_62)
                0x0000000000000001                ASSERT (((_vector_spacing == 0x0) || (SIZEOF (.vector_62) <= (_vector_spacing << 0x5))), function at exception vector 62 too large)

.vector_63      0x000000009fc019e0        0x0
 *(.vector_63)
                0x0000000000000001                ASSERT (((_vector_spacing == 0x0) || (SIZEOF (.vector_63) <= (_vector_spacing << 0x5))), function at exception vector 63 too large)

.startup
 *(.startup)

.text           0x000000009d000000        0x0
 *(.stub .gnu.linkonce.t.*)
 *(.text.*personality*)
 *(.mips16.fn.*)
 *(.mips16.call.*)
 *(.gnu.warning)
                0x000000009d000000                . = ALIGN (0x4)

.init           0x000000009d000000        0x0
 *crti.o(.init)
 *crtbegin.o(.init)
 *(EXCLUDE_FILE(*crtn.o *crtend?.o *crtend.o) .init)
 *crtend.o(.init)
 *crtn.o(.init)
                0x000000009d000000                . = ALIGN (0x4)

.fini           0x000000009d000000        0x0
 *(.fini)
                0x000000009d000000                . = ALIGN (0x4)

.preinit_array  0x000000009d000000        0x0
                [!provide]                        PROVIDE (__preinit_array_start = .)
 *(.preinit_array)
                [!provide]                        PROVIDE (__preinit_array_end = .)
                0x000000009d000000                . = ALIGN (0x4)

.init_array     0x000000009d000000        0x0
                [!provide]                        PROVIDE (__init_array_start = .)
 *(SORT_BY_NAME(.init_array.*))
 *(.init_array)
                [!provide]                        PROVIDE (__init_array_end = .)
                0x000000009d000000                . = ALIGN (0x4)

.fini_array     0x000000009d000000        0x0
                [!provide]                        PROVIDE (__fini_array_start = .)
 *(SORT_BY_NAME(.fini_array.*))
 *(.fini_array)
                [!provide]                        PROVIDE (__fini_array_end = .)
                0x000000009d000000                . = ALIGN (0x4)

.ctors          0x000000009d000000        0x0
 *crtbegin.o(.ctors)
 *crtbegin?.o(.ctors)
 *(EXCLUDE_FILE(*crtend?.o *crtend.o) .ctors)
 *(SORT_BY_NAME(.ctors.*))
 *(.ctors)
                0x000000009d000000                . = ALIGN (0x4)

.dtors          0x000000009d000000        0x0
 *crtbegin.o(.dtors)
 *crtbegin?.o(.dtors)
 *(EXCLUDE_FILE(*crtend?.o *crtend.o) .dtors)
 *(SORT_BY_NAME(.dtors.*))
 *(.dtors)
                0x000000009d000000                . = ALIGN (0x4)

.rodata         0x000000009d000000        0x0
 *(.gnu.linkonce.r.*)
 *(.rodata1)
                0x000000009d000000                . = ALIGN (0x4)

.sdata2         0x000000009d000000        0x0
 *(.sdata2 .sdata2.* .gnu.linkonce.s2.*)
                0x000000009d000000                . = ALIGN (0x4)

.sbss2          0x000000009d000000        0x0
 *(.sbss2 .sbss2.* .gnu.linkonce.sb2.*)
                0x000000009d000000                . = ALIGN (0x4)

.eh_frame_hdr
 *(.eh_frame_hdr)
                0x000000009d000000                . = ALIGN (0x4)

.eh_frame
 *(.eh_frame)
                0x000000009d000000                . = ALIGN (0x4)

.gcc_except_table
 *(.gcc_except_table .gcc_except_table.*)
                0x000000009d000000                . = ALIGN (0x4)

.dbg_data       0x00000000a0000000      0x200
                0x00000000a0000200                . = (. + DEFINED (_DEBUGGER)?0x200:0x0)
 *fill*         0x00000000a0000000      0x200 

.jcr            0x00000000a0000200        0x0
 *(.jcr)
                0x00000000a0000200                . = ALIGN (0x4)

.eh_frame
 *(.eh_frame)
                0x00000000a0000200                . = ALIGN (0x4)

.gcc_except_table
 *(.gcc_except_table .gcc_except_table.*)
                0x00000000a0000200                . = ALIGN (0x4)

.persist        0x00000000a0000200        0x0
                0x00000000a0000200                _persist_begin = .
 *(.persist .persist.*)
                0x00000000a0000200                . = ALIGN (0x4)
                0x00000000a0000200                _persist_end = .

.data           0x00000000a0000200        0x0
 *(.gnu.linkonce.d.*)
 *(.data1)
                0x00000000a0000200                . = ALIGN (0x4)
                0x00000000a0000200                . = .
                0x00000000a00081f0                _gp = (ALIGN (0x10) + 0x7ff0)

.got            0x00000000a0000200        0x0
 *(.got.plt)
 *(.got)
                0x00000000a0000200                . = ALIGN (0x4)

.sdata          0x00000000a0000200       0x10
                0x00000000a0000200                _sdata_begin = .
 *(.sdata .sdata.* .gnu.linkonce.s.*)
 .sdata.arpBcastAdd
                0x00000000a0000200        0x6 build/default/debug/_ext/1033058136/arp.o
 *fill*         0x00000000a0000206        0x2 
 .sdata.tcpip_stack_tickH
                0x00000000a0000208        0x4 build/default/debug/_ext/1033058136/tcpip_manager.o
 .sdata.gSysTimeTokenCount
                0x00000000a000020c        0x2 build/default/debug/_ext/101884895/sys_time.o
                0x00000000a0000210                . = ALIGN (0x4)
 *fill*         0x00000000a000020e        0x2 
                0x00000000a0000210                _sdata_end = .

.lit8
 *(.lit8)

.lit4
 *(.lit4)
                0x00000000a0000210                . = ALIGN (0x4)
                0x00000000a0000210                _data_end = .
                0x00000000a0000210                _bss_begin = .

.sbss           0x00000000a0000210      0x11c
                0x00000000a0000210                _sbss_begin = .
 *(.dynsbss)
 *(.sbss .sbss.* .gnu.linkonce.sb.*)
 .sbss._hEventMac
                0x00000000a0000210        0x4 build/default/debug/_ext/732082881/drv_ethmac.o
 .sbss.pktMemH  0x00000000a0000214        0x4 build/default/debug/_ext/1033058136/tcpip_packet.o
 .sbss.dnsInitCount
                0x00000000a0000218        0x4 build/default/debug/_ext/1033058136/dns.o
 .sbss.pgDnsDcpt
                0x00000000a000021c        0x4 build/default/debug/_ext/1033058136/dns.o
 .sbss.ipv4FilterType
                0x00000000a0000220        0x4 build/default/debug/_ext/1033058136/ipv4.o
 .sbss.ipv4ActFilterCount
                0x00000000a0000224        0x4 build/default/debug/_ext/1033058136/ipv4.o
 .sbss.ipv4InitCount
                0x00000000a0000228        0x2 build/default/debug/_ext/1033058136/ipv4.o
 *fill*         0x00000000a000022a        0x2 
 .sbss.ipv4ArpHandle
                0x00000000a000022c        0x4 build/default/debug/_ext/1033058136/ipv4.o
 .sbss.ipv4ArpEntries
                0x00000000a0000230        0x4 build/default/debug/_ext/1033058136/ipv4.o
 .sbss.signalHandle
                0x00000000a0000234        0x4 build/default/debug/_ext/1033058136/ipv4.o
 .sbss.ipv4MemH
                0x00000000a0000238        0x4 build/default/debug/_ext/1033058136/ipv4.o
 .sbss.ipv4Identifier
                0x00000000a000023c        0x2 build/default/debug/_ext/1033058136/ipv4.o
 *fill*         0x00000000a000023e        0x2 
 .sbss.signalHandle
                0x00000000a0000240        0x4 build/default/debug/_ext/1033058136/icmp.o
 .sbss.icmpInitCount
                0x00000000a0000244        0x4 build/default/debug/_ext/1033058136/icmp.o
 .sbss.dhcpMillisecCount
                0x00000000a0000248        0x4 build/default/debug/_ext/1033058136/dhcp.o
 .sbss.dhcpSecondCount
                0x00000000a000024c        0x4 build/default/debug/_ext/1033058136/dhcp.o
 .sbss.dhcpMemH
                0x00000000a0000250        0x4 build/default/debug/_ext/1033058136/dhcp.o
 .sbss.dhcpSignalHandle
                0x00000000a0000254        0x4 build/default/debug/_ext/1033058136/dhcp.o
 .sbss.dhcpServerPort
                0x00000000a0000258        0x2 build/default/debug/_ext/1033058136/dhcp.o
 .sbss.dhcpClientPort
                0x00000000a000025a        0x2 build/default/debug/_ext/1033058136/dhcp.o
 .sbss.dhcpClientSocket
                0x00000000a000025c        0x2 build/default/debug/_ext/1033058136/dhcp.o
 *fill*         0x00000000a000025e        0x2 
 .sbss.dhcpInitCount
                0x00000000a0000260        0x4 build/default/debug/_ext/1033058136/dhcp.o
 .sbss.dhcpInterfaces
                0x00000000a0000264        0x4 build/default/debug/_ext/1033058136/dhcp.o
 .sbss.DHCPClients
                0x00000000a0000268        0x4 build/default/debug/_ext/1033058136/dhcp.o
 .sbss.tcpip_stack_init_cb
                0x00000000a000026c        0x4 build/default/debug/_ext/1033058136/tcpip_manager.o
 .sbss.tcpip_stack_status
                0x00000000a0000270        0x4 build/default/debug/_ext/1033058136/tcpip_manager.o
 .sbss.stackAsyncSignalCount
                0x00000000a0000274        0x4 build/default/debug/_ext/1033058136/tcpip_manager.o
 .sbss.stackTaskRate
                0x00000000a0000278        0x4 build/default/debug/_ext/1033058136/tcpip_manager.o
 .sbss.newTcpipStackEventCnt
                0x00000000a000027c        0x4 build/default/debug/_ext/1033058136/tcpip_manager.o
 .sbss.newTcpipErrorEventCnt
                0x00000000a0000280        0x4 build/default/debug/_ext/1033058136/tcpip_manager.o
 .sbss.newTcpipTickAvlbl
                0x00000000a0000284        0x4 build/default/debug/_ext/1033058136/tcpip_manager.o
 .sbss.totTcpipEventsCnt
                0x00000000a0000288        0x4 build/default/debug/_ext/1033058136/tcpip_manager.o
 .sbss.tcpipDefIf
                0x00000000a000028c        0x4 build/default/debug/_ext/1033058136/tcpip_manager.o
 .sbss.tcpipNetIf
                0x00000000a0000290        0x4 build/default/debug/_ext/1033058136/tcpip_manager.o
 .sbss.tcpSemaphore
                0x00000000a0000294        0x1 build/default/debug/_ext/1033058136/tcp.o
 *fill*         0x00000000a0000295        0x1 
 .sbss.tcpDefRxSize
                0x00000000a0000296        0x2 build/default/debug/_ext/1033058136/tcp.o
 .sbss.tcpDefTxSize
                0x00000000a0000298        0x2 build/default/debug/_ext/1033058136/tcp.o
 *fill*         0x00000000a000029a        0x2 
 .sbss.tcpSignalHandle
                0x00000000a000029c        0x4 build/default/debug/_ext/1033058136/tcp.o
 .sbss.TcpSockets
                0x00000000a00002a0        0x4 build/default/debug/_ext/1033058136/tcp.o
 .sbss.tcpHeapH
                0x00000000a00002a4        0x4 build/default/debug/_ext/1033058136/tcp.o
 .sbss.tcpInitCount
                0x00000000a00002a8        0x4 build/default/debug/_ext/1033058136/tcp.o
 .sbss.tcpLockCount
                0x00000000a00002ac        0x4 build/default/debug/_ext/1033058136/tcp.o
 .sbss.TCBStubs
                0x00000000a00002b0        0x4 build/default/debug/_ext/1033058136/tcp.o
 .sbss.userSem  0x00000000a00002b4        0x1 build/default/debug/_ext/1033058136/udp.o
 *fill*         0x00000000a00002b5        0x3 
 .sbss.signalHandle
                0x00000000a00002b8        0x4 build/default/debug/_ext/1033058136/udp.o
 .sbss.udpDefTxSize
                0x00000000a00002bc        0x2 build/default/debug/_ext/1033058136/udp.o
 *fill*         0x00000000a00002be        0x2 
 .sbss.udpInitCount
                0x00000000a00002c0        0x4 build/default/debug/_ext/1033058136/udp.o
 .sbss.udpMemH  0x00000000a00002c4        0x4 build/default/debug/_ext/1033058136/udp.o
 .sbss.nUdpSockets
                0x00000000a00002c8        0x4 build/default/debug/_ext/1033058136/udp.o
 .sbss.UDPSocketDcpt
                0x00000000a00002cc        0x4 build/default/debug/_ext/1033058136/udp.o
 .sbss.coreTmr  0x00000000a00002d0        0x8 build/default/debug/_ext/1249264884/plib_coretimer.o
                0x00000000a00002d0                coreTmr
 .sbss.tmr2Obj  0x00000000a00002d8        0x8 build/default/debug/_ext/60181895/plib_tmr2.o
 .sbss.consolePrintBufferMutex
                0x00000000a00002e0        0x1 build/default/debug/_ext/1832805299/sys_console.o
 .sbss.isConsoleMutexCreated
                0x00000000a00002e1        0x1 build/default/debug/_ext/1832805299/sys_console.o
 *fill*         0x00000000a00002e2        0x2 
 .sbss.gblErrLvl
                0x00000000a00002e4        0x4 build/default/debug/_ext/944882569/sys_debug.o
                0x00000000a00002e4                gblErrLvl
 .sbss.sysDebugInstance
                0x00000000a00002e8        0x8 build/default/debug/_ext/944882569/sys_debug.o
 .sbss.gTickConv
                0x00000000a00002f0        0x4 build/default/debug/_ext/753841488/sys_time_h2_adapter.o
 .sbss.systemAdaptObj
                0x00000000a00002f4        0x4 build/default/debug/_ext/753841488/sys_time_h2_adapter.o
 .sbss.randLockCount
                0x00000000a00002f8        0x4 build/default/debug/_ext/753841488/sys_random_h2_adapter.o
 .sbss.randSemaphore
                0x00000000a00002fc        0x1 build/default/debug/_ext/753841488/sys_random_h2_adapter.o
 *fill*         0x00000000a00002fd        0x3 
 .sbss.pRandCtx
                0x00000000a0000300        0x4 build/default/debug/_ext/753841488/sys_random_h2_adapter.o
 .sbss.gUSBDeviceCdcCommonDataObj
                0x00000000a0000304        0x2 build/default/debug/_ext/308758920/usb_device_cdc.o
                0x00000000a0000304                gUSBDeviceCdcCommonDataObj
 .sbss.sw3_counter
                0x00000000a0000306        0x2 build/default/debug/_ext/1360937237/app.o
                0x00000000a0000306                sw3_counter
 .sbss.sw2_counter
                0x00000000a0000308        0x2 build/default/debug/_ext/1360937237/app.o
                0x00000000a0000308                sw2_counter
 .sbss.sw1_counter
                0x00000000a000030a        0x2 build/default/debug/_ext/1360937237/app.o
                0x00000000a000030a                sw1_counter
 .sbss.sw3_flag
                0x00000000a000030c        0x1 build/default/debug/_ext/1360937237/app.o
                0x00000000a000030c                sw3_flag
 .sbss.sw2_flag
                0x00000000a000030d        0x1 build/default/debug/_ext/1360937237/app.o
                0x00000000a000030d                sw2_flag
 .sbss.sw1_flag
                0x00000000a000030e        0x1 build/default/debug/_ext/1360937237/app.o
                0x00000000a000030e                sw1_flag
 .sbss.timer_F_2
                0x00000000a000030f        0x1 build/default/debug/_ext/1360937237/app.o
                0x00000000a000030f                timer_F_2
 .sbss.timer_F  0x00000000a0000310        0x1 build/default/debug/_ext/1360937237/app.o
                0x00000000a0000310                timer_F
 *fill*         0x00000000a0000311        0x3 
 .sbss.appData  0x00000000a0000314        0x4 build/default/debug/_ext/1360937237/app.o
                0x00000000a0000314                appData
 .sbss.data_counter
                0x00000000a0000318        0x2 build/default/debug/_ext/1360937237/tcp_communication.o
                0x00000000a0000318                data_counter
 .sbss.tcp_connect_counter
                0x00000000a000031a        0x2 build/default/debug/_ext/1360937237/tcp_communication.o
                0x00000000a000031a                tcp_connect_counter
 .sbss.temp_counter
                0x00000000a000031c        0x4 build/default/debug/_ext/1360937237/tcp_communication.o
                0x00000000a000031c                temp_counter
 .sbss.xferDone
                0x00000000a0000320        0x1 build/default/debug/_ext/1360937237/tcp_communication.o
 *fill*         0x00000000a0000321        0x3 
 .sbss.nvmContext
                0x00000000a0000324        0x4 build/default/debug/_ext/60176403/plib_nvm.o
                0x00000000a0000324                nvmContext
 .sbss.nvmCallbackFunc
                0x00000000a0000328        0x4 build/default/debug/_ext/60176403/plib_nvm.o
                0x00000000a0000328                nvmCallbackFunc
 *(.scommon)
                0x00000000a000032c                _sbss_end = .
                0x00000000a000032c                . = ALIGN (0x4)

.bss            0x00000000a000032c        0x0
 *(.dynbss)
 *(COMMON)
                0x00000000a000032c                . = ALIGN ((. != 0x0)?0x4:0x1)
                0x00000000a000032c                . = ALIGN (0x4)
                0x00000000a000032c                _end = .
                0x00000000a000032c                _bss_end = .
                0x0000000000020000                _bmxdudba_address = LENGTH (kseg1_data_mem)
                0x0000000000020000                _bmxdupba_address = LENGTH (kseg1_data_mem)

/DISCARD/
 *(.pdr)
 *(.rel.dyn)
 *(.note.GNU-stack)
 *(.note.GNU-stack)
 *(.gnu_debuglink)
 *(.gnu.lto_*)
 *(.discard)

.gptab.sdata
 *(.gptab.data)
 *(.gptab.sdata)

.gptab.sbss
 *(.gptab.bss)
 *(.gptab.sbss)

.mdebug.abi32   0x0000000000000000        0x0
 *(.mdebug.abi32)
 .mdebug.abi32  0x0000000000000000        0x0 d:/microchip/xc32/v4.10/bin/bin/../../lib/gcc/pic32mx/8.3.1/../../../../pic32mx/lib\software-debug-break.o
 .mdebug.abi32  0x0000000000000000        0x0 build/default/debug/_ext/1645245335/crypto.o
 .mdebug.abi32  0x0000000000000000        0x0 build/default/debug/_ext/732082881/drv_eth_pic32_lib.o
 .mdebug.abi32  0x0000000000000000        0x0 build/default/debug/_ext/732082881/drv_ethmac.o
 .mdebug.abi32  0x0000000000000000        0x0 build/default/debug/_ext/732082881/drv_ethmac_lib.o
 .mdebug.abi32  0x0000000000000000        0x0 build/default/debug/_ext/444070925/drv_extphy_dp83848.o
 .mdebug.abi32  0x0000000000000000        0x0 build/default/debug/_ext/444070925/drv_ethphy.o
 .mdebug.abi32  0x0000000000000000        0x0 build/default/debug/_ext/438849557/drv_miim.o
 .mdebug.abi32  0x0000000000000000        0x0 build/default/debug/_ext/2128569739/drv_usbfs_device.o
 .mdebug.abi32  0x0000000000000000        0x0 build/default/debug/_ext/2128569739/drv_usbfs.o
 .mdebug.abi32  0x0000000000000000        0x0 build/default/debug/_ext/1033058136/helpers.o
 .mdebug.abi32  0x0000000000000000        0x0 build/default/debug/_ext/1033058136/tcpip_packet.o
 .mdebug.abi32  0x0000000000000000        0x0 build/default/debug/_ext/1033058136/dns.o
 .mdebug.abi32  0x0000000000000000        0x0 build/default/debug/_ext/1033058136/ipv4.o
 .mdebug.abi32  0x0000000000000000        0x0 build/default/debug/_ext/1033058136/icmp.o
 .mdebug.abi32  0x0000000000000000        0x0 build/default/debug/_ext/1033058136/arp.o
 .mdebug.abi32  0x0000000000000000        0x0 build/default/debug/_ext/1033058136/oahash.o
 .mdebug.abi32  0x0000000000000000        0x0 build/default/debug/_ext/1033058136/tcpip_heap_internal.o
 .mdebug.abi32  0x0000000000000000        0x0 build/default/debug/_ext/1033058136/hash_fnv.o
 .mdebug.abi32  0x0000000000000000        0x0 build/default/debug/_ext/1033058136/tcpip_notify.o
 .mdebug.abi32  0x0000000000000000        0x0 build/default/debug/_ext/1033058136/tcpip_helpers.o
 .mdebug.abi32  0x0000000000000000        0x0 build/default/debug/_ext/1033058136/dhcp.o
 .mdebug.abi32  0x0000000000000000        0x0 build/default/debug/_ext/1033058136/tcpip_heap_alloc.o
 .mdebug.abi32  0x0000000000000000        0x0 build/default/debug/_ext/1033058136/tcpip_manager.o
 .mdebug.abi32  0x0000000000000000        0x0 build/default/debug/_ext/1033058136/tcp.o
 .mdebug.abi32  0x0000000000000000        0x0 build/default/debug/_ext/1033058136/udp.o
 .mdebug.abi32  0x0000000000000000        0x0 build/default/debug/_ext/60165520/plib_clk.o
 .mdebug.abi32  0x0000000000000000        0x0 build/default/debug/_ext/1249264884/plib_coretimer.o
 .mdebug.abi32  0x0000000000000000        0x0 build/default/debug/_ext/1865200349/plib_evic.o
 .mdebug.abi32  0x0000000000000000        0x0 build/default/debug/_ext/1865254177/plib_gpio.o
 .mdebug.abi32  0x0000000000000000        0x0 build/default/debug/_ext/60181895/plib_tmr2.o
 .mdebug.abi32  0x0000000000000000        0x0 build/default/debug/_ext/163028504/xc32_monitor.o
 .mdebug.abi32  0x0000000000000000        0x0 build/default/debug/_ext/1832805299/sys_console.o
 .mdebug.abi32  0x0000000000000000        0x0 build/default/debug/_ext/1832805299/sys_console_usb_cdc.o
 .mdebug.abi32  0x0000000000000000        0x0 build/default/debug/_ext/944882569/sys_debug.o
 .mdebug.abi32  0x0000000000000000        0x0 build/default/debug/_ext/1881668453/sys_int.o
 .mdebug.abi32  0x0000000000000000        0x0 build/default/debug/_ext/101884895/sys_time.o
 .mdebug.abi32  0x0000000000000000        0x0 build/default/debug/_ext/753841488/sys_time_h2_adapter.o
 .mdebug.abi32  0x0000000000000000        0x0 build/default/debug/_ext/753841488/sys_random_h2_adapter.o
 .mdebug.abi32  0x0000000000000000        0x0 build/default/debug/_ext/308758920/usb_device_cdc.o
 .mdebug.abi32  0x0000000000000000        0x0 build/default/debug/_ext/308758920/usb_device_cdc_acm.o
 .mdebug.abi32  0x0000000000000000        0x0 build/default/debug/_ext/308758920/usb_device.o
 .mdebug.abi32  0x0000000000000000        0x0 build/default/debug/_ext/1171490990/tasks.o
 .mdebug.abi32  0x0000000000000000        0x0 build/default/debug/_ext/1171490990/interrupts.o
 .mdebug.abi32  0x0000000000000000        0x0 build/default/debug/_ext/1171490990/exceptions.o
 .mdebug.abi32  0x0000000000000000        0x0 build/default/debug/_ext/1171490990/usb_device_init_data.o
 .mdebug.abi32  0x0000000000000000        0x0 build/default/debug/_ext/1171490990/initialization.o
 .mdebug.abi32  0x0000000000000000        0x0 build/default/debug/_ext/172253694/crypt_sha1_sam6156.o
 .mdebug.abi32  0x0000000000000000        0x0 build/default/debug/_ext/172253694/crypt_sha256_sam6156.o
 .mdebug.abi32  0x0000000000000000        0x0 build/default/debug/_ext/172253694/crypt_rng_u2242.o
 .mdebug.abi32  0x0000000000000000        0x0 build/default/debug/_ext/172253694/crypt_sha224_sam11105.o
 .mdebug.abi32  0x0000000000000000        0x0 build/default/debug/_ext/172253694/crypt_aes_u2238.o
 .mdebug.abi32  0x0000000000000000        0x0 build/default/debug/_ext/172253694/crypt_wolfcryptcb.o
 .mdebug.abi32  0x0000000000000000        0x0 build/default/debug/_ext/172253694/crypt_sha256_sam11105.o
 .mdebug.abi32  0x0000000000000000        0x0 build/default/debug/_ext/172253694/crypt_ecc_pukcl.o
 .mdebug.abi32  0x0000000000000000        0x0 build/default/debug/_ext/172253694/crypt_sha384_sam6156.o
 .mdebug.abi32  0x0000000000000000        0x0 build/default/debug/_ext/172253694/crypt_sha224_sam6156.o
 .mdebug.abi32  0x0000000000000000        0x0 build/default/debug/_ext/172253694/crypt_tdes_sam6150.o
 .mdebug.abi32  0x0000000000000000        0x0 build/default/debug/_ext/172253694/crypt_rsa_pukcl.o
 .mdebug.abi32  0x0000000000000000        0x0 build/default/debug/_ext/172253694/pic32mz-crypt.o
 .mdebug.abi32  0x0000000000000000        0x0 build/default/debug/_ext/172253694/crypt_pukcl_functions.o
 .mdebug.abi32  0x0000000000000000        0x0 build/default/debug/_ext/172253694/crypt_sha512_sam6156.o
 .mdebug.abi32  0x0000000000000000        0x0 build/default/debug/_ext/172253694/crypt_sam_u2803.o
 .mdebug.abi32  0x0000000000000000        0x0 build/default/debug/_ext/172253694/crypt_aes_sam6149.o
 .mdebug.abi32  0x0000000000000000        0x0 build/default/debug/_ext/172253694/crypt_sha1_sam11105.o
 .mdebug.abi32  0x0000000000000000        0x0 build/default/debug/_ext/172253694/crypt_rng_sam6334.o
 .mdebug.abi32  0x0000000000000000        0x0 build/default/debug/_ext/172253694/crypt_ecc_ba414e.o
 .mdebug.abi32  0x0000000000000000        0x0 build/default/debug/_ext/1664057780/ge_operations.o
 .mdebug.abi32  0x0000000000000000        0x0 build/default/debug/_ext/1664057780/md4.o
 .mdebug.abi32  0x0000000000000000        0x0 build/default/debug/_ext/1664057780/memory.o
 .mdebug.abi32  0x0000000000000000        0x0 build/default/debug/_ext/1664057780/ripemd.o
 .mdebug.abi32  0x0000000000000000        0x0 build/default/debug/_ext/1664057780/poly1305.o
 .mdebug.abi32  0x0000000000000000        0x0 build/default/debug/_ext/1664057780/hmac.o
 .mdebug.abi32  0x0000000000000000        0x0 build/default/debug/_ext/1664057780/sp_cortexm.o
 .mdebug.abi32  0x0000000000000000        0x0 build/default/debug/_ext/1664057780/md5.o
 .mdebug.abi32  0x0000000000000000        0x0 build/default/debug/_ext/1664057780/hash.o
 .mdebug.abi32  0x0000000000000000        0x0 build/default/debug/_ext/1664057780/curve448.o
 .mdebug.abi32  0x0000000000000000        0x0 build/default/debug/_ext/1664057780/cpuid.o
 .mdebug.abi32  0x0000000000000000        0x0 build/default/debug/_ext/1664057780/pkcs7.o
 .mdebug.abi32  0x0000000000000000        0x0 build/default/debug/_ext/1664057780/sha512.o
 .mdebug.abi32  0x0000000000000000        0x0 build/default/debug/_ext/1664057780/sp_c32.o
 .mdebug.abi32  0x0000000000000000        0x0 build/default/debug/_ext/1664057780/camellia.o
 .mdebug.abi32  0x0000000000000000        0x0 build/default/debug/_ext/1664057780/sp_c64.o
 .mdebug.abi32  0x0000000000000000        0x0 build/default/debug/_ext/1664057780/md2.o
 .mdebug.abi32  0x0000000000000000        0x0 build/default/debug/_ext/1664057780/sp_armthumb.o
 .mdebug.abi32  0x0000000000000000        0x0 build/default/debug/_ext/1664057780/aes.o
 .mdebug.abi32  0x0000000000000000        0x0 build/default/debug/_ext/1664057780/rabbit.o
 .mdebug.abi32  0x0000000000000000        0x0 build/default/debug/_ext/1664057780/compress.o
 .mdebug.abi32  0x0000000000000000        0x0 build/default/debug/_ext/1664057780/sp_arm64.o
 .mdebug.abi32  0x0000000000000000        0x0 build/default/debug/_ext/1664057780/dsa.o
 .mdebug.abi32  0x0000000000000000        0x0 build/default/debug/_ext/1664057780/pwdbased.o
 .mdebug.abi32  0x0000000000000000        0x0 build/default/debug/_ext/1664057780/rsa.o
 .mdebug.abi32  0x0000000000000000        0x0 build/default/debug/_ext/1664057780/sp_x86_64.o
 .mdebug.abi32  0x0000000000000000        0x0 build/default/debug/_ext/1664057780/ed25519.o
 .mdebug.abi32  0x0000000000000000        0x0 build/default/debug/_ext/1664057780/pkcs12.o
 .mdebug.abi32  0x0000000000000000        0x0 build/default/debug/_ext/1664057780/chacha20_poly1305.o
 .mdebug.abi32  0x0000000000000000        0x0 build/default/debug/_ext/1664057780/chacha.o
 .mdebug.abi32  0x0000000000000000        0x0 build/default/debug/_ext/1664057780/sp_arm32.o
 .mdebug.abi32  0x0000000000000000        0x0 build/default/debug/_ext/1664057780/wc_port.o
 .mdebug.abi32  0x0000000000000000        0x0 build/default/debug/_ext/1664057780/rc2.o
 .mdebug.abi32  0x0000000000000000        0x0 build/default/debug/_ext/1664057780/des3.o
 .mdebug.abi32  0x0000000000000000        0x0 build/default/debug/_ext/1664057780/error.o
 .mdebug.abi32  0x0000000000000000        0x0 build/default/debug/_ext/1664057780/ed448.o
 .mdebug.abi32  0x0000000000000000        0x0 build/default/debug/_ext/1664057780/random.o
 .mdebug.abi32  0x0000000000000000        0x0 build/default/debug/_ext/1664057780/ge_low_mem.o
 .mdebug.abi32  0x0000000000000000        0x0 build/default/debug/_ext/1664057780/curve25519.o
 .mdebug.abi32  0x0000000000000000        0x0 build/default/debug/_ext/1664057780/fe_operations.o
 .mdebug.abi32  0x0000000000000000        0x0 build/default/debug/_ext/1664057780/cmac.o
 .mdebug.abi32  0x0000000000000000        0x0 build/default/debug/_ext/1664057780/misc.o
 .mdebug.abi32  0x0000000000000000        0x0 build/default/debug/_ext/1664057780/cryptocb.o
 .mdebug.abi32  0x0000000000000000        0x0 build/default/debug/_ext/1664057780/idea.o
 .mdebug.abi32  0x0000000000000000        0x0 build/default/debug/_ext/1664057780/fe_448.o
 .mdebug.abi32  0x0000000000000000        0x0 build/default/debug/_ext/1664057780/asn.o
 .mdebug.abi32  0x0000000000000000        0x0 build/default/debug/_ext/1664057780/fe_low_mem.o
 .mdebug.abi32  0x0000000000000000        0x0 build/default/debug/_ext/1664057780/coding.o
 .mdebug.abi32  0x0000000000000000        0x0 build/default/debug/_ext/1664057780/sha256.o
 .mdebug.abi32  0x0000000000000000        0x0 build/default/debug/_ext/1664057780/sp_int.o
 .mdebug.abi32  0x0000000000000000        0x0 build/default/debug/_ext/1664057780/asm.o
 .mdebug.abi32  0x0000000000000000        0x0 build/default/debug/_ext/1664057780/sha3.o
 .mdebug.abi32  0x0000000000000000        0x0 build/default/debug/_ext/1664057780/signature.o
 .mdebug.abi32  0x0000000000000000        0x0 build/default/debug/_ext/1664057780/blake2b.o
 .mdebug.abi32  0x0000000000000000        0x0 build/default/debug/_ext/1664057780/wc_encrypt.o
 .mdebug.abi32  0x0000000000000000        0x0 build/default/debug/_ext/1664057780/logging.o
 .mdebug.abi32  0x0000000000000000        0x0 build/default/debug/_ext/1664057780/blake2s.o
 .mdebug.abi32  0x0000000000000000        0x0 build/default/debug/_ext/1664057780/arc4.o
 .mdebug.abi32  0x0000000000000000        0x0 build/default/debug/_ext/1664057780/sha.o
 .mdebug.abi32  0x0000000000000000        0x0 build/default/debug/_ext/1664057780/srp.o
 .mdebug.abi32  0x0000000000000000        0x0 build/default/debug/_ext/1664057780/ge_448.o
 .mdebug.abi32  0x0000000000000000        0x0 build/default/debug/_ext/1664057780/ecc_fp.o
 .mdebug.abi32  0x0000000000000000        0x0 build/default/debug/_ext/1664057780/wolfmath.o
 .mdebug.abi32  0x0000000000000000        0x0 build/default/debug/_ext/1664057780/wc_dsp.o
 .mdebug.abi32  0x0000000000000000        0x0 build/default/debug/_ext/1664057780/tfm.o
 .mdebug.abi32  0x0000000000000000        0x0 build/default/debug/_ext/1664057780/integer.o
 .mdebug.abi32  0x0000000000000000        0x0 build/default/debug/_ext/1664057780/wolfevent.o
 .mdebug.abi32  0x0000000000000000        0x0 build/default/debug/_ext/1664057780/sp_dsp32.o
 .mdebug.abi32  0x0000000000000000        0x0 build/default/debug/_ext/1664057780/ecc.o
 .mdebug.abi32  0x0000000000000000        0x0 build/default/debug/_ext/1664057780/hc128.o
 .mdebug.abi32  0x0000000000000000        0x0 build/default/debug/_ext/1664057780/evp.o
 .mdebug.abi32  0x0000000000000000        0x0 build/default/debug/_ext/1664057780/wc_pkcs11.o
 .mdebug.abi32  0x0000000000000000        0x0 build/default/debug/_ext/1664057780/dh.o
 .mdebug.abi32  0x0000000000000000        0x0 build/default/debug/_ext/1360937237/app.o
 .mdebug.abi32  0x0000000000000000        0x0 build/default/debug/_ext/1360937237/main.o
 .mdebug.abi32  0x0000000000000000        0x0 build/default/debug/_ext/1360937237/tcp_communication.o
 .mdebug.abi32  0x0000000000000000        0x0 build/default/debug/_ext/60176403/plib_nvm.o
 .mdebug.abi32  0x0000000000000000        0x0 d:/microchip/xc32/v4.10/bin/bin/../../lib/gcc/pic32mx/8.3.1\libgcc.a(_udivdi3.o)
 .mdebug.abi32  0x0000000000000000        0x0 d:/microchip/xc32/v4.10/bin/bin/../../lib/gcc/pic32mx/8.3.1/../../../../pic32mx/lib\libpic32.a(default-on-reset.o)
 .mdebug.abi32  0x0000000000000000        0x0 d:/microchip/xc32/v4.10/bin/bin/../../lib/gcc/pic32mx/8.3.1/../../../../pic32mx/lib\libpic32.a(default-on-bootstrap.o)
 .mdebug.abi32  0x0000000000000000        0x0 d:/microchip/xc32/v4.10/bin/bin/../../lib/gcc/pic32mx/8.3.1/../../../../pic32mx/lib\libpic32.a(defaultinterrupt.o)
 .mdebug.abi32  0x0000000000000000        0x0 d:/microchip/xc32/v4.10/bin/bin/../../lib/gcc/pic32mx/8.3.1/../../../../pic32mx/lib\libc-musl.a(isalnum.o)
 .mdebug.abi32  0x0000000000000000        0x0 d:/microchip/xc32/v4.10/bin/bin/../../lib/gcc/pic32mx/8.3.1/../../../../pic32mx/lib\libc-musl.a(isxdigit.o)
 .mdebug.abi32  0x0000000000000000        0x0 d:/microchip/xc32/v4.10/bin/bin/../../lib/gcc/pic32mx/8.3.1/../../../../pic32mx/lib\libc-musl.a(tolower.o)
 .mdebug.abi32  0x0000000000000000        0x0 d:/microchip/xc32/v4.10/bin/bin/../../lib/gcc/pic32mx/8.3.1/../../../../pic32mx/lib\libc-musl.a(toupper.o)
 .mdebug.abi32  0x0000000000000000        0x0 d:/microchip/xc32/v4.10/bin/bin/../../lib/gcc/pic32mx/8.3.1/../../../../pic32mx/lib\libc-musl.a(calloc.o)
 .mdebug.abi32  0x0000000000000000        0x0 d:/microchip/xc32/v4.10/bin/bin/../../lib/gcc/pic32mx/8.3.1/../../../../pic32mx/lib\libc-musl.a(malloc.o)
 .mdebug.abi32  0x0000000000000000        0x0 d:/microchip/xc32/v4.10/bin/bin/../../lib/gcc/pic32mx/8.3.1/../../../../pic32mx/lib\libc-musl.a(expand_heap.o)
 .mdebug.abi32  0x0000000000000000        0x0 d:/microchip/xc32/v4.10/bin/bin/../../lib/gcc/pic32mx/8.3.1/../../../../pic32mx/lib\libc-musl.a(rand.o)
 .mdebug.abi32  0x0000000000000000        0x0 d:/microchip/xc32/v4.10/bin/bin/../../lib/gcc/pic32mx/8.3.1/../../../../pic32mx/lib\libc-musl.a(__sio_snprintf_dosux.o)
 .mdebug.abi32  0x0000000000000000        0x0 d:/microchip/xc32/v4.10/bin/bin/../../lib/gcc/pic32mx/8.3.1/../../../../pic32mx/lib\libc-musl.a(__sio_sprintf_doux.o)
 .mdebug.abi32  0x0000000000000000        0x0 d:/microchip/xc32/v4.10/bin/bin/../../lib/gcc/pic32mx/8.3.1/../../../../pic32mx/lib\libc-musl.a(__fmt_d.o)
 .mdebug.abi32  0x0000000000000000        0x0 d:/microchip/xc32/v4.10/bin/bin/../../lib/gcc/pic32mx/8.3.1/../../../../pic32mx/lib\libc-musl.a(__fmt_o.o)
 .mdebug.abi32  0x0000000000000000        0x0 d:/microchip/xc32/v4.10/bin/bin/../../lib/gcc/pic32mx/8.3.1/../../../../pic32mx/lib\libc-musl.a(__fmt_s.o)
 .mdebug.abi32  0x0000000000000000        0x0 d:/microchip/xc32/v4.10/bin/bin/../../lib/gcc/pic32mx/8.3.1/../../../../pic32mx/lib\libc-musl.a(__fmt_u.o)
 .mdebug.abi32  0x0000000000000000        0x0 d:/microchip/xc32/v4.10/bin/bin/../../lib/gcc/pic32mx/8.3.1/../../../../pic32mx/lib\libc-musl.a(__fmt_x.o)
 .mdebug.abi32  0x0000000000000000        0x0 d:/microchip/xc32/v4.10/bin/bin/../../lib/gcc/pic32mx/8.3.1/../../../../pic32mx/lib\libc-musl.a(__printf_core.o)
 .mdebug.abi32  0x0000000000000000        0x0 d:/microchip/xc32/v4.10/bin/bin/../../lib/gcc/pic32mx/8.3.1/../../../../pic32mx/lib\libc-musl.a(vsnprintf.o)
 .mdebug.abi32  0x0000000000000000        0x0 d:/microchip/xc32/v4.10/bin/bin/../../lib/gcc/pic32mx/8.3.1/../../../../pic32mx/lib\libc-musl.a(atoi.o)
 .mdebug.abi32  0x0000000000000000        0x0 d:/microchip/xc32/v4.10/bin/bin/../../lib/gcc/pic32mx/8.3.1/../../../../pic32mx/lib\libc-musl.a(strtol.o)
 .mdebug.abi32  0x0000000000000000        0x0 d:/microchip/xc32/v4.10/bin/bin/../../lib/gcc/pic32mx/8.3.1/../../../../pic32mx/lib\libc-musl.a(memmove.o)
 .mdebug.abi32  0x0000000000000000        0x0 d:/microchip/xc32/v4.10/bin/bin/../../lib/gcc/pic32mx/8.3.1/../../../../pic32mx/lib\libc-musl.a(strncmp.o)
 .mdebug.abi32  0x0000000000000000        0x0 d:/microchip/xc32/v4.10/bin/bin/../../lib/gcc/pic32mx/8.3.1/../../../../pic32mx/lib\libc-musl.a(strncpy.o)
 .mdebug.abi32  0x0000000000000000        0x0 d:/microchip/xc32/v4.10/bin/bin/../../lib/gcc/pic32mx/8.3.1/../../../../pic32mx/lib\libc-musl.a(gmtime.o)
 .mdebug.abi32  0x0000000000000000        0x0 d:/microchip/xc32/v4.10/bin/bin/../../lib/gcc/pic32mx/8.3.1/../../../../pic32mx/lib\libc-musl.a(gmtime_r.o)
 .mdebug.abi32  0x0000000000000000        0x0 d:/microchip/xc32/v4.10/bin/bin/../../lib/gcc/pic32mx/8.3.1/../../../../pic32mx/lib\libc-musl.a(time.o)
 .mdebug.abi32  0x0000000000000000        0x0 d:/microchip/xc32/v4.10/bin/bin/../../lib/gcc/pic32mx/8.3.1/../../../../pic32mx/lib\libc-musl.a(intscan.o)
 .mdebug.abi32  0x0000000000000000        0x0 d:/microchip/xc32/v4.10/bin/bin/../../lib/gcc/pic32mx/8.3.1/../../../../pic32mx/lib\libc-musl.a(libc.o)
 .mdebug.abi32  0x0000000000000000        0x0 d:/microchip/xc32/v4.10/bin/bin/../../lib/gcc/pic32mx/8.3.1/../../../../pic32mx/lib\libc-musl.a(shgetc.o)
 .mdebug.abi32  0x0000000000000000        0x0 d:/microchip/xc32/v4.10/bin/bin/../../lib/gcc/pic32mx/8.3.1/../../../../pic32mx/lib\libc-musl.a(__int_vsnprintf.o)
 .mdebug.abi32  0x0000000000000000        0x0 d:/microchip/xc32/v4.10/bin/bin/../../lib/gcc/pic32mx/8.3.1/../../../../pic32mx/lib\libc-musl.a(__int_vsprintf.o)
 .mdebug.abi32  0x0000000000000000        0x0 d:/microchip/xc32/v4.10/bin/bin/../../lib/gcc/pic32mx/8.3.1/../../../../pic32mx/lib\libc-musl.a(__uflow.o)
 .mdebug.abi32  0x0000000000000000        0x0 d:/microchip/xc32/v4.10/bin/bin/../../lib/gcc/pic32mx/8.3.1/../../../../pic32mx/lib\libc-musl.a(__pop_float.o)
 .mdebug.abi32  0x0000000000000000        0x0 d:/microchip/xc32/v4.10/bin/bin/../../lib/gcc/pic32mx/8.3.1/../../../../pic32mx/lib\libc-musl.a(__pop_int.o)
 .mdebug.abi32  0x0000000000000000        0x0 d:/microchip/xc32/v4.10/bin/bin/../../lib/gcc/pic32mx/8.3.1/../../../../pic32mx/lib\libc-musl.a(__pop_ptr.o)
 .mdebug.abi32  0x0000000000000000        0x0 d:/microchip/xc32/v4.10/bin/bin/../../lib/gcc/pic32mx/8.3.1/../../../../pic32mx/lib\libc-musl.a(vfprintf.o)
 .mdebug.abi32  0x0000000000000000        0x0 d:/microchip/xc32/v4.10/bin/bin/../../lib/gcc/pic32mx/8.3.1/../../../../pic32mx/lib\libc-musl.a(stpncpy.o)
 .mdebug.abi32  0x0000000000000000        0x0 d:/microchip/xc32/v4.10/bin/bin/../../lib/gcc/pic32mx/8.3.1/../../../../pic32mx/lib\libc-musl.a(__secs_to_tm.o)
 .mdebug.abi32  0x0000000000000000        0x0 d:/microchip/xc32/v4.10/bin/bin/../../lib/gcc/pic32mx/8.3.1/../../../../pic32mx/lib\libc-musl.a(clock_gettime.o)
 .mdebug.abi32  0x0000000000000000        0x0 d:/microchip/xc32/v4.10/bin/bin/../../lib/gcc/pic32mx/8.3.1/../../../../pic32mx/lib\libc-musl.a(gettimeofday.o)
 .mdebug.abi32  0x0000000000000000        0x0 d:/microchip/xc32/v4.10/bin/bin/../../lib/gcc/pic32mx/8.3.1/../../../../pic32mx/lib\libc-musl.a(syscall_ret.o)
 .mdebug.abi32  0x0000000000000000        0x0 d:/microchip/xc32/v4.10/bin/bin/../../lib/gcc/pic32mx/8.3.1/../../../../pic32mx/lib\libc-musl.a(__int_vfprintf.o)
 .mdebug.abi32  0x0000000000000000        0x0 d:/microchip/xc32/v4.10/bin/bin/../../lib/gcc/pic32mx/8.3.1/../../../../pic32mx/lib\libc-musl.a(__toread.o)
 .mdebug.abi32  0x0000000000000000        0x0 d:/microchip/xc32/v4.10/bin/bin/../../lib/gcc/pic32mx/8.3.1/../../../../pic32mx/lib\libc-musl.a(__io_fmt_needed.o)
 .mdebug.abi32  0x0000000000000000        0x0 d:/microchip/xc32/v4.10/bin/bin/../../lib/gcc/pic32mx/8.3.1/../../../../pic32mx/lib\libc-musl.a(__stdio_exit.o)
 .mdebug.abi32  0x0000000000000000        0x0 d:/microchip/xc32/v4.10/bin/bin/../../lib/gcc/pic32mx/8.3.1/../../../../pic32mx/lib\libc-musl.a(__fmt_a.o)
 .mdebug.abi32  0x0000000000000000        0x0 d:/microchip/xc32/v4.10/bin/bin/../../lib/gcc/pic32mx/8.3.1/../../../../pic32mx/lib\libc-musl.a(__fmt_fp.o)
 .mdebug.abi32  0x0000000000000000        0x0 d:/microchip/xc32/v4.10/bin/bin/../../lib/gcc/pic32mx/8.3.1/../../../../pic32mx/lib\libm-musl.a(fma.o)
 .mdebug.abi32  0x0000000000000000        0x0 d:/microchip/xc32/v4.10/bin/bin/../../lib/gcc/pic32mx/8.3.1/../../../../pic32mx/lib\libm-musl.a(scalbn.o)
 .mdebug.abi32  0x0000000000000000        0x0 d:/microchip/xc32/v4.10/bin/bin/../../lib/gcc/pic32mx/8.3.1\libgcc.a(_lshrdi3.o)
 .mdebug.abi32  0x0000000000000000        0x0 d:/microchip/xc32/v4.10/bin/bin/../../lib/gcc/pic32mx/8.3.1\libgcc.a(_ashldi3.o)
 .mdebug.abi32  0x0000000000000000        0x0 d:/microchip/xc32/v4.10/bin/bin/../../lib/gcc/pic32mx/8.3.1\libgcc.a(_floatdidf.o)
 .mdebug.abi32  0x0000000000000000        0x0 d:/microchip/xc32/v4.10/bin/bin/../../lib/gcc/pic32mx/8.3.1\libgcc.a(_divdi3.o)
 .mdebug.abi32  0x0000000000000000        0x0 d:/microchip/xc32/v4.10/bin/bin/../../lib/gcc/pic32mx/8.3.1\libgcc.a(_moddi3.o)
 .mdebug.abi32  0x0000000000000000        0x0 d:/microchip/xc32/v4.10/bin/bin/../../lib/gcc/pic32mx/8.3.1\libgcc.a(_umoddi3.o)
 .mdebug.abi32  0x0000000000000000        0x0 d:/microchip/xc32/v4.10/bin/bin/../../lib/gcc/pic32mx/8.3.1\libgcc.a(floatunsidf.o)
 .mdebug.abi32  0x0000000000000000        0x0 d:/microchip/xc32/v4.10/bin/bin/../../lib/gcc/pic32mx/8.3.1/../../../../pic32mx/lib\libpic32.a(sbrk.o)
 .mdebug.abi32  0x0000000000000000        0x0 d:/microchip/xc32/v4.10/bin/bin/../../lib/gcc/pic32mx/8.3.1/../../../../pic32mx/lib\libpic32.a(errno.o)

.mdebug.abiN32
 *(.mdebug.abiN32)

.mdebug.abi64
 *(.mdebug.abi64)

.mdebug.abiO64
 *(.mdebug.abiO64)

.mdebug.eabi32
 *(.mdebug.eabi32)

.mdebug.eabi64
 *(.mdebug.eabi64)

.gcc_compiled_long32
 *(.gcc_compiled_long32)

.gcc_compiled_long64
 *(.gcc_compiled_long64)

.stab
 *(.stab)

.stabstr
 *(.stabstr)

.stab.excl
 *(.stab.excl)

.stab.exclstr
 *(.stab.exclstr)

.stab.index
 *(.stab.index)

.stab.indexstr
 *(.stab.indexstr)

.comment        0x0000000000000000       0xf1
 *(.comment)
 .comment       0x0000000000000000       0x2b d:/microchip/xc32/v4.10/bin/bin/../../lib/gcc/pic32mx/8.3.1/../../../../pic32mx/lib\software-debug-break.o
                                         0x2c (size before relaxing)
 .comment       0x000000000000002b       0x2c build/default/debug/_ext/1645245335/crypto.o
 .comment       0x000000000000002b       0x2c build/default/debug/_ext/732082881/drv_eth_pic32_lib.o
 .comment       0x000000000000002b       0x2c build/default/debug/_ext/732082881/drv_ethmac.o
 .comment       0x000000000000002b       0x2c build/default/debug/_ext/732082881/drv_ethmac_lib.o
 .comment       0x000000000000002b       0x2c build/default/debug/_ext/444070925/drv_extphy_dp83848.o
 .comment       0x000000000000002b       0x2c build/default/debug/_ext/444070925/drv_ethphy.o
 .comment       0x000000000000002b       0x2c build/default/debug/_ext/438849557/drv_miim.o
 .comment       0x000000000000002b       0x2c build/default/debug/_ext/2128569739/drv_usbfs_device.o
 .comment       0x000000000000002b       0x2c build/default/debug/_ext/2128569739/drv_usbfs.o
 .comment       0x000000000000002b       0x2c build/default/debug/_ext/1033058136/helpers.o
 .comment       0x000000000000002b       0x2c build/default/debug/_ext/1033058136/tcpip_packet.o
 .comment       0x000000000000002b       0x2c build/default/debug/_ext/1033058136/dns.o
 .comment       0x000000000000002b       0x2c build/default/debug/_ext/1033058136/ipv4.o
 .comment       0x000000000000002b       0x2c build/default/debug/_ext/1033058136/icmp.o
 .comment       0x000000000000002b       0x2c build/default/debug/_ext/1033058136/arp.o
 .comment       0x000000000000002b       0x2c build/default/debug/_ext/1033058136/oahash.o
 .comment       0x000000000000002b       0x2c build/default/debug/_ext/1033058136/tcpip_heap_internal.o
 .comment       0x000000000000002b       0x2c build/default/debug/_ext/1033058136/hash_fnv.o
 .comment       0x000000000000002b       0x2c build/default/debug/_ext/1033058136/tcpip_notify.o
 .comment       0x000000000000002b       0x2c build/default/debug/_ext/1033058136/tcpip_helpers.o
 .comment       0x000000000000002b       0x2c build/default/debug/_ext/1033058136/dhcp.o
 .comment       0x000000000000002b       0x2c build/default/debug/_ext/1033058136/tcpip_heap_alloc.o
 .comment       0x000000000000002b       0x2c build/default/debug/_ext/1033058136/tcpip_manager.o
 .comment       0x000000000000002b       0x2c build/default/debug/_ext/1033058136/tcp.o
 .comment       0x000000000000002b       0x2c build/default/debug/_ext/1033058136/udp.o
 .comment       0x000000000000002b       0x2c build/default/debug/_ext/60165520/plib_clk.o
 .comment       0x000000000000002b       0x2c build/default/debug/_ext/1249264884/plib_coretimer.o
 .comment       0x000000000000002b       0x2c build/default/debug/_ext/1865200349/plib_evic.o
 .comment       0x000000000000002b       0x2c build/default/debug/_ext/1865254177/plib_gpio.o
 .comment       0x000000000000002b       0x2c build/default/debug/_ext/60181895/plib_tmr2.o
 .comment       0x000000000000002b       0x2c build/default/debug/_ext/163028504/xc32_monitor.o
 .comment       0x000000000000002b       0x2c build/default/debug/_ext/1832805299/sys_console.o
 .comment       0x000000000000002b       0x2c build/default/debug/_ext/1832805299/sys_console_usb_cdc.o
 .comment       0x000000000000002b       0x2c build/default/debug/_ext/944882569/sys_debug.o
 .comment       0x000000000000002b       0x2c build/default/debug/_ext/1881668453/sys_int.o
 .comment       0x000000000000002b       0x2c build/default/debug/_ext/101884895/sys_time.o
 .comment       0x000000000000002b       0x2c build/default/debug/_ext/753841488/sys_time_h2_adapter.o
 .comment       0x000000000000002b       0x2c build/default/debug/_ext/753841488/sys_random_h2_adapter.o
 .comment       0x000000000000002b       0x2c build/default/debug/_ext/308758920/usb_device_cdc.o
 .comment       0x000000000000002b       0x2c build/default/debug/_ext/308758920/usb_device_cdc_acm.o
 .comment       0x000000000000002b       0x2c build/default/debug/_ext/308758920/usb_device.o
 .comment       0x000000000000002b       0x2c build/default/debug/_ext/1171490990/tasks.o
 .comment       0x000000000000002b       0x2c build/default/debug/_ext/1171490990/interrupts.o
 .comment       0x000000000000002b       0x2c build/default/debug/_ext/1171490990/exceptions.o
 .comment       0x000000000000002b       0x2c build/default/debug/_ext/1171490990/usb_device_init_data.o
 .comment       0x000000000000002b       0x2c build/default/debug/_ext/1171490990/initialization.o
 .comment       0x000000000000002b       0x2c build/default/debug/_ext/172253694/crypt_sha1_sam6156.o
 .comment       0x000000000000002b       0x2c build/default/debug/_ext/172253694/crypt_sha256_sam6156.o
 .comment       0x000000000000002b       0x2c build/default/debug/_ext/172253694/crypt_rng_u2242.o
 .comment       0x000000000000002b       0x2c build/default/debug/_ext/172253694/crypt_sha224_sam11105.o
 .comment       0x000000000000002b       0x2c build/default/debug/_ext/172253694/crypt_aes_u2238.o
 .comment       0x000000000000002b       0x2c build/default/debug/_ext/172253694/crypt_wolfcryptcb.o
 .comment       0x000000000000002b       0x2c build/default/debug/_ext/172253694/crypt_sha256_sam11105.o
 .comment       0x000000000000002b       0x2c build/default/debug/_ext/172253694/crypt_ecc_pukcl.o
 .comment       0x000000000000002b       0x2c build/default/debug/_ext/172253694/crypt_sha384_sam6156.o
 .comment       0x000000000000002b       0x2c build/default/debug/_ext/172253694/crypt_sha224_sam6156.o
 .comment       0x000000000000002b       0x2c build/default/debug/_ext/172253694/crypt_tdes_sam6150.o
 .comment       0x000000000000002b       0x2c build/default/debug/_ext/172253694/crypt_rsa_pukcl.o
 .comment       0x000000000000002b       0x2c build/default/debug/_ext/172253694/pic32mz-crypt.o
 .comment       0x000000000000002b       0x2c build/default/debug/_ext/172253694/crypt_pukcl_functions.o
 .comment       0x000000000000002b       0x2c build/default/debug/_ext/172253694/crypt_sha512_sam6156.o
 .comment       0x000000000000002b       0x2c build/default/debug/_ext/172253694/crypt_sam_u2803.o
 .comment       0x000000000000002b       0x2c build/default/debug/_ext/172253694/crypt_aes_sam6149.o
 .comment       0x000000000000002b       0x2c build/default/debug/_ext/172253694/crypt_sha1_sam11105.o
 .comment       0x000000000000002b       0x2c build/default/debug/_ext/172253694/crypt_rng_sam6334.o
 .comment       0x000000000000002b       0x2c build/default/debug/_ext/172253694/crypt_ecc_ba414e.o
 .comment       0x000000000000002b       0x2c build/default/debug/_ext/1664057780/ge_operations.o
 .comment       0x000000000000002b       0x2c build/default/debug/_ext/1664057780/md4.o
 .comment       0x000000000000002b       0x2c build/default/debug/_ext/1664057780/memory.o
 .comment       0x000000000000002b       0x2c build/default/debug/_ext/1664057780/ripemd.o
 .comment       0x000000000000002b       0x2c build/default/debug/_ext/1664057780/poly1305.o
 .comment       0x000000000000002b       0x2c build/default/debug/_ext/1664057780/hmac.o
 .comment       0x000000000000002b       0x2c build/default/debug/_ext/1664057780/sp_cortexm.o
 .comment       0x000000000000002b       0x2c build/default/debug/_ext/1664057780/md5.o
 .comment       0x000000000000002b       0x2c build/default/debug/_ext/1664057780/hash.o
 .comment       0x000000000000002b       0x2c build/default/debug/_ext/1664057780/curve448.o
 .comment       0x000000000000002b       0x2c build/default/debug/_ext/1664057780/cpuid.o
 .comment       0x000000000000002b       0x2c build/default/debug/_ext/1664057780/pkcs7.o
 .comment       0x000000000000002b       0x2c build/default/debug/_ext/1664057780/sha512.o
 .comment       0x000000000000002b       0x2c build/default/debug/_ext/1664057780/sp_c32.o
 .comment       0x000000000000002b       0x2c build/default/debug/_ext/1664057780/camellia.o
 .comment       0x000000000000002b       0x2c build/default/debug/_ext/1664057780/sp_c64.o
 .comment       0x000000000000002b       0x2c build/default/debug/_ext/1664057780/md2.o
 .comment       0x000000000000002b       0x2c build/default/debug/_ext/1664057780/sp_armthumb.o
 .comment       0x000000000000002b       0x2c build/default/debug/_ext/1664057780/aes.o
 .comment       0x000000000000002b       0x2c build/default/debug/_ext/1664057780/rabbit.o
 .comment       0x000000000000002b       0x2c build/default/debug/_ext/1664057780/compress.o
 .comment       0x000000000000002b       0x2c build/default/debug/_ext/1664057780/sp_arm64.o
 .comment       0x000000000000002b       0x2c build/default/debug/_ext/1664057780/dsa.o
 .comment       0x000000000000002b       0x2c build/default/debug/_ext/1664057780/pwdbased.o
 .comment       0x000000000000002b       0x2c build/default/debug/_ext/1664057780/rsa.o
 .comment       0x000000000000002b       0x2c build/default/debug/_ext/1664057780/sp_x86_64.o
 .comment       0x000000000000002b       0x2c build/default/debug/_ext/1664057780/ed25519.o
 .comment       0x000000000000002b       0x2c build/default/debug/_ext/1664057780/pkcs12.o
 .comment       0x000000000000002b       0x2c build/default/debug/_ext/1664057780/chacha20_poly1305.o
 .comment       0x000000000000002b       0x2c build/default/debug/_ext/1664057780/chacha.o
 .comment       0x000000000000002b       0x2c build/default/debug/_ext/1664057780/sp_arm32.o
 .comment       0x000000000000002b       0x2c build/default/debug/_ext/1664057780/wc_port.o
 .comment       0x000000000000002b       0x2c build/default/debug/_ext/1664057780/rc2.o
 .comment       0x000000000000002b       0x2c build/default/debug/_ext/1664057780/des3.o
 .comment       0x000000000000002b       0x2c build/default/debug/_ext/1664057780/error.o
 .comment       0x000000000000002b       0x2c build/default/debug/_ext/1664057780/ed448.o
 .comment       0x000000000000002b       0x2c build/default/debug/_ext/1664057780/random.o
 .comment       0x000000000000002b       0x2c build/default/debug/_ext/1664057780/ge_low_mem.o
 .comment       0x000000000000002b       0x2c build/default/debug/_ext/1664057780/curve25519.o
 .comment       0x000000000000002b       0x2c build/default/debug/_ext/1664057780/fe_operations.o
 .comment       0x000000000000002b       0x2c build/default/debug/_ext/1664057780/cmac.o
 .comment       0x000000000000002b       0x2c build/default/debug/_ext/1664057780/misc.o
 .comment       0x000000000000002b       0x2c build/default/debug/_ext/1664057780/cryptocb.o
 .comment       0x000000000000002b       0x2c build/default/debug/_ext/1664057780/idea.o
 .comment       0x000000000000002b       0x2c build/default/debug/_ext/1664057780/fe_448.o
 .comment       0x000000000000002b       0x2c build/default/debug/_ext/1664057780/asn.o
 .comment       0x000000000000002b       0x2c build/default/debug/_ext/1664057780/fe_low_mem.o
 .comment       0x000000000000002b       0x2c build/default/debug/_ext/1664057780/coding.o
 .comment       0x000000000000002b       0x2c build/default/debug/_ext/1664057780/sha256.o
 .comment       0x000000000000002b       0x2c build/default/debug/_ext/1664057780/sp_int.o
 .comment       0x000000000000002b       0x2c build/default/debug/_ext/1664057780/asm.o
 .comment       0x000000000000002b       0x2c build/default/debug/_ext/1664057780/sha3.o
 .comment       0x000000000000002b       0x2c build/default/debug/_ext/1664057780/signature.o
 .comment       0x000000000000002b       0x2c build/default/debug/_ext/1664057780/blake2b.o
 .comment       0x000000000000002b       0x2c build/default/debug/_ext/1664057780/wc_encrypt.o
 .comment       0x000000000000002b       0x2c build/default/debug/_ext/1664057780/logging.o
 .comment       0x000000000000002b       0x2c build/default/debug/_ext/1664057780/blake2s.o
 .comment       0x000000000000002b       0x2c build/default/debug/_ext/1664057780/arc4.o
 .comment       0x000000000000002b       0x2c build/default/debug/_ext/1664057780/sha.o
 .comment       0x000000000000002b       0x2c build/default/debug/_ext/1664057780/srp.o
 .comment       0x000000000000002b       0x2c build/default/debug/_ext/1664057780/ge_448.o
 .comment       0x000000000000002b       0x2c build/default/debug/_ext/1664057780/ecc_fp.o
 .comment       0x000000000000002b       0x2c build/default/debug/_ext/1664057780/wolfmath.o
 .comment       0x000000000000002b       0x2c build/default/debug/_ext/1664057780/wc_dsp.o
 .comment       0x000000000000002b       0x2c build/default/debug/_ext/1664057780/tfm.o
 .comment       0x000000000000002b       0x2c build/default/debug/_ext/1664057780/integer.o
 .comment       0x000000000000002b       0x2c build/default/debug/_ext/1664057780/wolfevent.o
 .comment       0x000000000000002b       0x2c build/default/debug/_ext/1664057780/sp_dsp32.o
 .comment       0x000000000000002b       0x2c build/default/debug/_ext/1664057780/ecc.o
 .comment       0x000000000000002b       0x2c build/default/debug/_ext/1664057780/hc128.o
 .comment       0x000000000000002b       0x2c build/default/debug/_ext/1664057780/evp.o
 .comment       0x000000000000002b       0x2c build/default/debug/_ext/1664057780/wc_pkcs11.o
 .comment       0x000000000000002b       0x2c build/default/debug/_ext/1664057780/dh.o
 .comment       0x000000000000002b       0x2c build/default/debug/_ext/1360937237/app.o
 .comment       0x000000000000002b       0x2c build/default/debug/_ext/1360937237/main.o
 .comment       0x000000000000002b       0x2c build/default/debug/_ext/1360937237/tcp_communication.o
 .comment       0x000000000000002b       0x2c build/default/debug/_ext/60176403/plib_nvm.o
 .comment       0x000000000000002b       0x2c d:/microchip/xc32/v4.10/bin/bin/../../lib/gcc/pic32mx/8.3.1\libgcc.a(_udivdi3.o)
 .comment       0x000000000000002b       0x18 d:/microchip/xc32/v4.10/bin/bin/../../lib/gcc/pic32mx/8.3.1/../../../../pic32mx/lib\libpic32.a(memcmp.o)
                                         0x19 (size before relaxing)
 .comment       0x0000000000000043       0x18 d:/microchip/xc32/v4.10/bin/bin/../../lib/gcc/pic32mx/8.3.1/../../../../pic32mx/lib\libpic32.a(memset.o)
                                         0x19 (size before relaxing)
 .comment       0x000000000000005b       0x19 d:/microchip/xc32/v4.10/bin/bin/../../lib/gcc/pic32mx/8.3.1/../../../../pic32mx/lib\libpic32.a(strcmp.o)
                                         0x1a (size before relaxing)
 .comment       0x0000000000000074       0x19 d:/microchip/xc32/v4.10/bin/bin/../../lib/gcc/pic32mx/8.3.1/../../../../pic32mx/lib\libpic32.a(strcpy.o)
                                         0x1a (size before relaxing)
 .comment       0x000000000000008d       0x19 d:/microchip/xc32/v4.10/bin/bin/../../lib/gcc/pic32mx/8.3.1/../../../../pic32mx/lib\libpic32.a(strlen.o)
                                         0x1a (size before relaxing)
 .comment       0x00000000000000a6       0x2c d:/microchip/xc32/v4.10/bin/bin/../../lib/gcc/pic32mx/8.3.1/../../../../pic32mx/lib\libpic32.a(default-on-reset.o)
 .comment       0x00000000000000a6       0x2c d:/microchip/xc32/v4.10/bin/bin/../../lib/gcc/pic32mx/8.3.1/../../../../pic32mx/lib\libpic32.a(default-on-bootstrap.o)
 .comment       0x00000000000000a6       0x2c d:/microchip/xc32/v4.10/bin/bin/../../lib/gcc/pic32mx/8.3.1/../../../../pic32mx/lib\libpic32.a(defaultinterrupt.o)
 .comment       0x00000000000000a6       0x2c d:/microchip/xc32/v4.10/bin/bin/../../lib/gcc/pic32mx/8.3.1/../../../../pic32mx/lib\libc-musl.a(isalnum.o)
 .comment       0x00000000000000a6       0x2c d:/microchip/xc32/v4.10/bin/bin/../../lib/gcc/pic32mx/8.3.1/../../../../pic32mx/lib\libc-musl.a(isxdigit.o)
 .comment       0x00000000000000a6       0x2c d:/microchip/xc32/v4.10/bin/bin/../../lib/gcc/pic32mx/8.3.1/../../../../pic32mx/lib\libc-musl.a(tolower.o)
 .comment       0x00000000000000a6       0x2c d:/microchip/xc32/v4.10/bin/bin/../../lib/gcc/pic32mx/8.3.1/../../../../pic32mx/lib\libc-musl.a(toupper.o)
 .comment       0x00000000000000a6       0x2c d:/microchip/xc32/v4.10/bin/bin/../../lib/gcc/pic32mx/8.3.1/../../../../pic32mx/lib\libc-musl.a(calloc.o)
 .comment       0x00000000000000a6       0x2c d:/microchip/xc32/v4.10/bin/bin/../../lib/gcc/pic32mx/8.3.1/../../../../pic32mx/lib\libc-musl.a(malloc.o)
 .comment       0x00000000000000a6       0x2c d:/microchip/xc32/v4.10/bin/bin/../../lib/gcc/pic32mx/8.3.1/../../../../pic32mx/lib\libc-musl.a(expand_heap.o)
 .comment       0x00000000000000a6       0x2c d:/microchip/xc32/v4.10/bin/bin/../../lib/gcc/pic32mx/8.3.1/../../../../pic32mx/lib\libc-musl.a(rand.o)
 .comment       0x00000000000000a6       0x2c d:/microchip/xc32/v4.10/bin/bin/../../lib/gcc/pic32mx/8.3.1/../../../../pic32mx/lib\libc-musl.a(__sio_snprintf_dosux.o)
 .comment       0x00000000000000a6       0x2c d:/microchip/xc32/v4.10/bin/bin/../../lib/gcc/pic32mx/8.3.1/../../../../pic32mx/lib\libc-musl.a(__sio_sprintf_doux.o)
 .comment       0x00000000000000a6       0x2c d:/microchip/xc32/v4.10/bin/bin/../../lib/gcc/pic32mx/8.3.1/../../../../pic32mx/lib\libc-musl.a(__fmt_d.o)
 .comment       0x00000000000000a6       0x2c d:/microchip/xc32/v4.10/bin/bin/../../lib/gcc/pic32mx/8.3.1/../../../../pic32mx/lib\libc-musl.a(__fmt_o.o)
 .comment       0x00000000000000a6       0x2c d:/microchip/xc32/v4.10/bin/bin/../../lib/gcc/pic32mx/8.3.1/../../../../pic32mx/lib\libc-musl.a(__fmt_s.o)
 .comment       0x00000000000000a6       0x2c d:/microchip/xc32/v4.10/bin/bin/../../lib/gcc/pic32mx/8.3.1/../../../../pic32mx/lib\libc-musl.a(__fmt_u.o)